Archive member included to satisfy reference by file (symbol)

platform/libplatform_s.a(hw_init.o)
                              secure_fw/CMakeFiles/tfm_s.dir/__/platform/ext/target/nordic_nrf/common/nrf91/gcc/startup_nrf91.o (hw_init_reset_on_boot)
platform/libplatform_s.a(system_nrf91.o)
                              secure_fw/CMakeFiles/tfm_s.dir/__/platform/ext/target/nordic_nrf/common/nrf91/gcc/startup_nrf91.o (SystemInit)
secure_fw/partitions/lib/runtime/libtfm_sprt.a(crt_memset.o)
                              c:/nordicsemi/toolchains/31f4403e35/opt/zephyr-sdk/arm-zephyr-eabi/bin/../lib/gcc/arm-zephyr-eabi/12.2.0/../../../../arm-zephyr-eabi/lib/thumb/v8-m.main/nofp/crt0.o (memset)
secure_fw/spm/libtfm_spm.a(utilities.o)
                              secure_fw/CMakeFiles/tfm_s.dir/__/platform/ext/common/faults.o (tfm_core_panic)
secure_fw/spm/libtfm_spm.a(main.o)
                              c:/nordicsemi/toolchains/31f4403e35/opt/zephyr-sdk/arm-zephyr-eabi/bin/../lib/gcc/arm-zephyr-eabi/12.2.0/../../../../arm-zephyr-eabi/lib/thumb/v8-m.main/nofp/crt0.o (main)
secure_fw/spm/libtfm_spm.a(spm_cross_call.o)
                              secure_fw/CMakeFiles/tfm_s.dir/partitions/ns_agent_tz/psa_api_veneers_v80m.o (spm_interface_cross_dispatcher)
secure_fw/spm/libtfm_spm.a(psa_api.o)
                              secure_fw/spm/libtfm_spm.a(spm_cross_call.o) (spm_handle_programmer_errors)
secure_fw/spm/libtfm_spm.a(backend_ipc.o)
                              secure_fw/spm/libtfm_spm.a(psa_api.o) (backend_messaging)
secure_fw/spm/libtfm_spm.a(tfm_core_svcalls_ipc.o)
                              secure_fw/spm/libtfm_spm.a(main.o) (tfm_core_handler_mode)
secure_fw/spm/libtfm_spm.a(thread.o)
                              secure_fw/spm/libtfm_spm.a(spm_cross_call.o) (thrd_next)
secure_fw/spm/libtfm_spm.a(tfm_arch_v8m_main.o)
                              secure_fw/spm/libtfm_spm.a(spm_cross_call.o) (arch_non_preempt_call)
secure_fw/spm/libtfm_spm.a(ns_agent_tz_v80m.o)
                              secure_fw/CMakeFiles/tfm_s.dir/partitions/ns_agent_tz/load_info_ns_agent_tz.o (ns_agent_tz_main)
secure_fw/spm/libtfm_spm.a(tfm_hal_isolation.o)
                              secure_fw/spm/libtfm_spm.a(backend_ipc.o) (tfm_hal_activate_boundary)
secure_fw/spm/libtfm_spm.a(target_cfg.o)
                              secure_fw/spm/libtfm_spm.a(tfm_hal_isolation.o) (sau_and_idau_cfg)
secure_fw/spm/libtfm_spm.a(tfm_boot_data.o)
                              secure_fw/spm/libtfm_spm.a(main.o) (tfm_core_validate_boot_data)
secure_fw/spm/libtfm_spm.a(tfm_arch.o)
                              secure_fw/spm/libtfm_spm.a(tfm_core_svcalls_ipc.o) (tfm_arch_free_msp_and_exc_ret)
secure_fw/spm/libtfm_spm.a(spm_ipc.o)
                              secure_fw/spm/libtfm_spm.a(psa_api.o) (tfm_spm_to_user_handle)
secure_fw/spm/libtfm_spm.a(static_loader.o)
                              secure_fw/spm/libtfm_spm.a(spm_ipc.o) (load_a_partition_assuredly)
secure_fw/spm/libtfm_spm.a(tfm_pools.o)
                              secure_fw/spm/libtfm_spm.a(spm_ipc.o) (tfm_pool_init)
secure_fw/spm/libtfm_spm.a(tfm_spm_ns_ctx.o)
                              secure_fw/spm/libtfm_spm.a(spm_ipc.o) (tfm_nspm_get_current_client_id)
secure_fw/spm/libtfm_spm.a(ns_agent_tz_init.o)
                              secure_fw/spm/libtfm_spm.a(ns_agent_tz_v80m.o) (ns_agent_tz_init_c)
secure_fw/spm/libtfm_spm.a(tfm_hal_platform_common.o)
                              secure_fw/spm/libtfm_spm.a(ns_agent_tz_init.o) (tfm_hal_get_ns_VTOR)
secure_fw/partitions/platform/libtfm_psa_rot_partition_platform.a(platform_sp.o)
                              secure_fw/CMakeFiles/tfm_s.dir/__/generated/secure_fw/partitions/platform/auto_generated/load_info_tfm_platform.o (tfm_platform_service_sfn)
secure_fw/partitions/platform/libtfm_psa_rot_partition_platform.a(intermedia_tfm_platform.o)
                              secure_fw/CMakeFiles/tfm_s.dir/__/generated/secure_fw/partitions/platform/auto_generated/load_info_tfm_platform.o (tfm_sp_platform_stack)
platform/libplatform_s.a(mpu_armv8m_drv.o)
                              secure_fw/spm/libtfm_spm.a(tfm_hal_isolation.o) (mpu_armv8m_enable)
platform/libplatform_s.a(spu.o)
                              secure_fw/spm/libtfm_spm.a(target_cfg.o) (spu_enable_interrupts)
platform/libplatform_s.a(tfm_hal_platform.o)
                              secure_fw/spm/libtfm_spm.a(main.o) (tfm_hal_platform_init)
platform/libplatform_s.a(dummy_otp.o)
                              secure_fw/spm/libtfm_spm.a(main.o) (tfm_plat_otp_init)
platform/libplatform_s.a(dummy_provisioning.o)
                              secure_fw/spm/libtfm_spm.a(main.o) (tfm_plat_provisioning_is_required)
platform/libplatform_s.a(tfm_platform_system.o)
                              secure_fw/partitions/platform/libtfm_psa_rot_partition_platform.a(platform_sp.o) (tfm_platform_hal_system_reset)
platform/libplatform_s.a(tfm_hal_reset_halt.o)
[...]
Memory Configuration

Name             Origin             Length             Attributes
FLASH            0x0000000000010200 0x0000000000007e00 xr
RAM              0x0000000020000000 0x0000000000008000 xrw
*default*        0x0000000000000000 0xffffffffffffffff

Linker script and memory map

LOAD c:/nordicsemi/toolchains/31f4403e35/opt/zephyr-sdk/arm-zephyr-eabi/bin/../lib/gcc/arm-zephyr-eabi/12.2.0/thumb/v8-m.main/nofp/crti.o
LOAD c:/nordicsemi/toolchains/31f4403e35/opt/zephyr-sdk/arm-zephyr-eabi/bin/../lib/gcc/arm-zephyr-eabi/12.2.0/thumb/v8-m.main/nofp/crtbegin.o
LOAD c:/nordicsemi/toolchains/31f4403e35/opt/zephyr-sdk/arm-zephyr-eabi/bin/../lib/gcc/arm-zephyr-eabi/12.2.0/../../../../arm-zephyr-eabi/lib/thumb/v8-m.main/nofp/crt0.o
LOAD secure_fw/CMakeFiles/tfm_s.dir/partitions/ns_agent_tz/psa_api_veneers_v80m.o
LOAD secure_fw/CMakeFiles/tfm_s.dir/__/platform/ext/target/nordic_nrf/common/nrf91/gcc/startup_nrf91.o
LOAD secure_fw/CMakeFiles/tfm_s.dir/__/platform/ext/common/faults.o
LOAD secure_fw/CMakeFiles/tfm_s.dir/__/generated/secure_fw/partitions/crypto/auto_generated/load_info_tfm_crypto.o
LOAD secure_fw/CMakeFiles/tfm_s.dir/__/generated/secure_fw/partitions/platform/auto_generated/load_info_tfm_platform.o
LOAD secure_fw/CMakeFiles/tfm_s.dir/partitions/ns_agent_tz/load_info_ns_agent_tz.o
LOAD platform/libplatform_s.a
LOAD secure_fw/partitions/lib/runtime/libtfm_sprt.a
LOAD secure_fw/spm/libtfm_spm.a
LOAD secure_fw/partitions/platform/libtfm_psa_rot_partition_platform.a
LOAD platform/libplatform_s.a
LOAD secure_fw/partitions/lib/runtime/libtfm_sprt.a
LOAD secure_fw/partitions/crypto/libtfm_psa_rot_partition_crypto.a
LOAD platform/libplatform_crypto_keys.a
LOAD secure_fw/partitions/crypto/mbedcrypto/nrf_security_src/libcrypto_service_mbedcrypto.a
LOAD platform/libplatform_s.a
LOAD secure_fw/partitions/lib/runtime/libtfm_sprt.a
LOAD secure_fw/partitions/crypto/libtfm_psa_rot_partition_crypto.a
LOAD platform/libplatform_crypto_keys.a
LOAD secure_fw/partitions/crypto/mbedcrypto/nrf_security_src/libcrypto_service_mbedcrypto.a
LOAD platform/libplatform_s.a
LOAD secure_fw/partitions/lib/runtime/libtfm_sprt.a
LOAD secure_fw/partitions/crypto/libtfm_psa_rot_partition_crypto.a
LOAD platform/libplatform_crypto_keys.a
LOAD secure_fw/partitions/crypto/mbedcrypto/nrf_security_src/libcrypto_service_mbedcrypto.a
LOAD C:/nordicsemi/v2.4.1/nrfxlib/crypto/nrf_cc310_platform/lib/cortex-m33/soft-float/no-interrupts/libnrf_cc310_platform_0.9.17.a
LOAD C:/nordicsemi/v2.4.1/nrfxlib/crypto/nrf_oberon/lib/cortex-m33/soft-float/liboberon_mbedtls_3.0.13.a
LOAD secure_fw/partitions/crypto/mbedcrypto/nrf_security_src/libmbedcrypto_base.a
LOAD C:/nordicsemi/v2.4.1/nrfxlib/crypto/nrf_oberon/lib/cortex-m33/soft-float/liboberon_3.0.13.a
LOAD c:/nordicsemi/toolchains/31f4403e35/opt/zephyr-sdk/arm-zephyr-eabi/bin/../lib/gcc/arm-zephyr-eabi/12.2.0/../../../../arm-zephyr-eabi/lib/thumb/v8-m.main/nofp\libc_nano.a
START GROUP
LOAD c:/nordicsemi/toolchains/31f4403e35/opt/zephyr-sdk/arm-zephyr-eabi/bin/../lib/gcc/arm-zephyr-eabi/12.2.0/thumb/v8-m.main/nofp\libgcc.a
LOAD c:/nordicsemi/toolchains/31f4403e35/opt/zephyr-sdk/arm-zephyr-eabi/bin/../lib/gcc/arm-zephyr-eabi/12.2.0/../../../../arm-zephyr-eabi/lib/thumb/v8-m.main/nofp\libc_nano.a
END GROUP
START GROUP
LOAD c:/nordicsemi/toolchains/31f4403e35/opt/zephyr-sdk/arm-zephyr-eabi/bin/../lib/gcc/arm-zephyr-eabi/12.2.0/thumb/v8-m.main/nofp\libgcc.a
LOAD c:/nordicsemi/toolchains/31f4403e35/opt/zephyr-sdk/arm-zephyr-eabi/bin/../lib/gcc/arm-zephyr-eabi/12.2.0/../../../../arm-zephyr-eabi/lib/thumb/v8-m.main/nofp\libc_nano.a
END GROUP
LOAD c:/nordicsemi/toolchains/31f4403e35/opt/zephyr-sdk/arm-zephyr-eabi/bin/../lib/gcc/arm-zephyr-eabi/12.2.0/thumb/v8-m.main/nofp/crtend.o
LOAD c:/nordicsemi/toolchains/31f4403e35/opt/zephyr-sdk/arm-zephyr-eabi/bin/../lib/gcc/arm-zephyr-eabi/12.2.0/thumb/v8-m.main/nofp/crtn.o
                0x0000000000000800                __msp_stack_size__ = 0x800
START GROUP
LOAD c:/nordicsemi/toolchains/31f4403e35/opt/zephyr-sdk/arm-zephyr-eabi/bin/../lib/gcc/arm-zephyr-eabi/12.2.0/thumb/v8-m.main/nofp\libgcc.a
LOAD c:/nordicsemi/toolchains/31f4403e35/opt/zephyr-sdk/arm-zephyr-eabi/bin/../lib/gcc/arm-zephyr-eabi/12.2.0/../../../../arm-zephyr-eabi/lib/thumb/v8-m.main/nofp\libc.a
LOAD c:/nordicsemi/toolchains/31f4403e35/opt/zephyr-sdk/arm-zephyr-eabi/bin/../lib/gcc/arm-zephyr-eabi/12.2.0/../../../../arm-zephyr-eabi/lib/thumb/v8-m.main/nofp\libm.a
LOAD c:/nordicsemi/toolchains/31f4403e35/opt/zephyr-sdk/arm-zephyr-eabi/bin/../lib/gcc/arm-zephyr-eabi/12.2.0/../../../../arm-zephyr-eabi/lib/thumb/v8-m.main/nofp\libnosys.a
LOAD c:/nordicsemi/toolchains/31f4403e35/opt/zephyr-sdk/arm-zephyr-eabi/bin/../lib/gcc/arm-zephyr-eabi/12.2.0/../../../../arm-zephyr-eabi/lib/thumb/v8-m.main/nofp\libc_nano.a
END GROUP

.TFM_VECTORS    0x0000000000010200      0x144
                0x0000000000010200                __vectors_start__ = .
 *(.vectors)
 .vectors       0x0000000000010200      0x144 secure_fw/CMakeFiles/tfm_s.dir/__/platform/ext/target/nordic_nrf/common/nrf91/gcc/startup_nrf91.o
                0x0000000000010200                __Vectors
                0x0000000000010344                . = ALIGN (0x4)
                0x0000000000010344                __vectors_end__ = .
                0x0000000000000001                ASSERT ((. <= (ADDR (.TFM_VECTORS) + 0x144)), .TFM_VECTORS section size overflow.)
                0x0000000000010344                . = (ADDR (.TFM_VECTORS) + 0x144)

.copy.table     0x0000000000010344       0x24
                0x0000000000010344                __copy_table_start__ = .
                0x0000000000010344        0x4 LONG 0x17c20 LOADADDR (.TFM_DATA)
                0x0000000000010348        0x4 LONG 0x20001d80 ADDR (.TFM_DATA)
                0x000000000001034c        0x4 LONG 0x3c (SIZEOF (.TFM_DATA) / 0x4)
                0x0000000000010350        0x4 LONG 0x12660 LOADADDR (.TFM_PSA_ROT_LINKER_DATA)
                0x0000000000010354        0x4 LONG 0x20000c40 ADDR (.TFM_PSA_ROT_LINKER_DATA)
                0x0000000000010358        0x4 LONG 0x0 (SIZEOF (.TFM_PSA_ROT_LINKER_DATA) / 0x4)
                0x000000000001035c        0x4 LONG 0x12660 LOADADDR (.TFM_APP_ROT_LINKER_DATA)
                0x0000000000010360        0x4 LONG 0x20000c20 ADDR (.TFM_APP_ROT_LINKER_DATA)
                0x0000000000010364        0x4 LONG 0x0 (SIZEOF (.TFM_APP_ROT_LINKER_DATA) / 0x4)
                0x0000000000010368                __copy_table_end__ = .

.zero.table     0x0000000000010368       0x20
                0x0000000000010368                __zero_table_start__ = .
                0x0000000000010368        0x4 LONG 0x20001e80 ADDR (.TFM_BSS)
                0x000000000001036c        0x4 LONG 0x62f (SIZEOF (.TFM_BSS) / 0x4)
                0x0000000000010370        0x4 LONG 0x20000c40 ADDR (.TFM_PSA_ROT_LINKER_BSS)
                0x0000000000010374        0x4 LONG 0x450 (SIZEOF (.TFM_PSA_ROT_LINKER_BSS) / 0x4)
                0x0000000000010378        0x4 LONG 0x20000c20 ADDR (.TFM_APP_ROT_LINKER_BSS)
                0x000000000001037c        0x4 LONG 0x8 (SIZEOF (.TFM_APP_ROT_LINKER_BSS) / 0x4)
                0x0000000000010380        0x4 LONG 0x20000c00 ADDR (.TFM_SP_META_PTR)
                0x0000000000010384        0x4 LONG 0x8 (SIZEOF (.TFM_SP_META_PTR) / 0x4)
                0x0000000000010388                __zero_table_end__ = .

.TFM_SP_LOAD_LIST
                0x0000000000010388       0xc4
 *(.part_load_priority_lowest)
 .part_load_priority_lowest
                0x0000000000010388       0x30 secure_fw/CMakeFiles/tfm_s.dir/partitions/ns_agent_tz/load_info_ns_agent_tz.o
                0x0000000000010388                tfm_sp_ns_agent_tz_load
 *(.part_load_priority_low)
 *(.part_load_priority_normal)
 .part_load_priority_normal
                0x00000000000103b8       0x4c secure_fw/CMakeFiles/tfm_s.dir/__/generated/secure_fw/partitions/crypto/auto_generated/load_info_tfm_crypto.o
                0x00000000000103b8                tfm_sp_crypto_load
 .part_load_priority_normal
                0x0000000000010404       0x48 secure_fw/CMakeFiles/tfm_s.dir/__/generated/secure_fw/partitions/platform/auto_generated/load_info_tfm_platform.o
                0x0000000000010404                tfm_sp_platform_load
 *(.part_load_priority_high)
                0x0000000000010388                Image$$TFM_SP_LOAD_LIST$$RO$$Base = ADDR (.TFM_SP_LOAD_LIST)
                0x000000000001044c                Image$$TFM_SP_LOAD_LIST$$RO$$Limit = (ADDR (.TFM_SP_LOAD_LIST) + SIZEOF (.TFM_SP_LOAD_LIST))
                0x0000000000010460                . = ALIGN (0x20)
                0x0000000000010460                Image$$TFM_PSA_CODE_START$$Base = .

.TFM_PSA_ROT_LINKER
                0x0000000000010460      0x3e0
 *tfm_psa_rot_partition*:*(.text*)
 .text.tfm_platform_service_sfn
                0x0000000000010460      0x114 secure_fw/partitions/platform/libtfm_psa_rot_partition_platform.a(platform_sp.o)
                0x0000000000010460                tfm_platform_service_sfn
 .text.platform_sp_init
                0x0000000000010574        0x4 secure_fw/partitions/platform/libtfm_psa_rot_partition_platform.a(platform_sp.o)
                0x0000000000010574                platform_sp_init
 .text.tfm_crypto_clear_scratch
                0x0000000000010578       0x20 secure_fw/partitions/crypto/libtfm_psa_rot_partition_crypto.a(crypto_init.o)
 .text.tfm_crypto_init
                0x0000000000010598       0x30 secure_fw/partitions/crypto/libtfm_psa_rot_partition_crypto.a(crypto_init.o)
                0x0000000000010598                tfm_crypto_init
 .text.tfm_crypto_api_dispatcher
                0x00000000000105c8       0xa4 secure_fw/partitions/crypto/libtfm_psa_rot_partition_crypto.a(crypto_init.o)
                0x00000000000105c8                tfm_crypto_api_dispatcher
 .text.tfm_crypto_sfn
                0x000000000001066c      0x170 secure_fw/partitions/crypto/libtfm_psa_rot_partition_crypto.a(crypto_init.o)
                0x000000000001066c                tfm_crypto_sfn
 .text.tfm_crypto_init_alloc
                0x00000000000107dc       0x14 secure_fw/partitions/crypto/libtfm_psa_rot_partition_crypto.a(crypto_alloc.o)
                0x00000000000107dc                tfm_crypto_init_alloc
 .text.tfm_crypto_cipher_interface
                0x00000000000107f0        0x6 secure_fw/partitions/crypto/libtfm_psa_rot_partition_crypto.a(crypto_cipher.o)
                0x00000000000107f0                tfm_crypto_cipher_interface
 .text.tfm_crypto_hash_interface
                0x00000000000107f6        0x6 secure_fw/partitions/crypto/libtfm_psa_rot_partition_crypto.a(crypto_hash.o)
                0x00000000000107f6                tfm_crypto_hash_interface
 .text.tfm_crypto_mac_interface
                0x00000000000107fc        0x6 secure_fw/partitions/crypto/libtfm_psa_rot_partition_crypto.a(crypto_mac.o)
                0x00000000000107fc                tfm_crypto_mac_interface
 .text.tfm_crypto_aead_interface
                0x0000000000010802        0x6 secure_fw/partitions/crypto/libtfm_psa_rot_partition_crypto.a(crypto_aead.o)
                0x0000000000010802                tfm_crypto_aead_interface
 .text.tfm_crypto_asymmetric_sign_interface
                0x0000000000010808        0x6 secure_fw/partitions/crypto/libtfm_psa_rot_partition_crypto.a(crypto_asymmetric.o)
                0x0000000000010808                tfm_crypto_asymmetric_sign_interface
 .text.tfm_crypto_asymmetric_encrypt_interface
                0x000000000001080e        0x6 secure_fw/partitions/crypto/libtfm_psa_rot_partition_crypto.a(crypto_asymmetric.o)
                0x000000000001080e                tfm_crypto_asymmetric_encrypt_interface
 .text.tfm_crypto_key_derivation_interface
                0x0000000000010814        0x6 secure_fw/partitions/crypto/libtfm_psa_rot_partition_crypto.a(crypto_key_derivation.o)
                0x0000000000010814                tfm_crypto_key_derivation_interface
 .text.tfm_crypto_key_management_interface
                0x000000000001081a        0x6 secure_fw/partitions/crypto/libtfm_psa_rot_partition_crypto.a(crypto_key_management.o)
                0x000000000001081a                tfm_crypto_key_management_interface
 .text.tfm_crypto_random_interface
                0x0000000000010820        0x8 secure_fw/partitions/crypto/libtfm_psa_rot_partition_crypto.a(crypto_rng.o)
                0x0000000000010820                tfm_crypto_random_interface
 *tfm_psa_rot_partition*:*(.rodata*)
 *(TFM_*_PSA-ROT_ATTR_FN)
                0x0000000000010840                . = ALIGN (0x20)
 *fill*         0x0000000000010828       0x18 
                0x0000000000010460                Image$$TFM_PSA_ROT_LINKER$$RO$$Base = ADDR (.TFM_PSA_ROT_LINKER)
                0x0000000000010840                Image$$TFM_PSA_ROT_LINKER$$RO$$Limit = (ADDR (.TFM_PSA_ROT_LINKER) + SIZEOF (.TFM_PSA_ROT_LINKER))
                0x0000000000010460                Image$$TFM_PSA_ROT_LINKER$$Base = ADDR (.TFM_PSA_ROT_LINKER)
                0x0000000000010840                Image$$TFM_PSA_ROT_LINKER$$Limit = (ADDR (.TFM_PSA_ROT_LINKER) + SIZEOF (.TFM_PSA_ROT_LINKER))
                0x0000000000010840                Image$$TFM_PSA_CODE_END$$Base = .
                0x0000000000010840                Image$$TFM_APP_CODE_START$$Base = .

.TFM_APP_ROT_LINKER
                0x0000000000010840        0x0
 *tfm_app_rot_partition*:*(.text*)
 *tfm_app_rot_partition*:*(.rodata*)
 *(TFM_*_APP-ROT_ATTR_FN)
                0x0000000000010840                . = ALIGN (0x20)
                0x0000000000010840                Image$$TFM_APP_ROT_LINKER$$RO$$Base = ADDR (.TFM_APP_ROT_LINKER)
                0x0000000000010840                Image$$TFM_APP_ROT_LINKER$$RO$$Limit = (ADDR (.TFM_APP_ROT_LINKER) + SIZEOF (.TFM_APP_ROT_LINKER))
                0x0000000000010840                Image$$TFM_APP_ROT_LINKER$$Base = ADDR (.TFM_APP_ROT_LINKER)
                0x0000000000010840                Image$$TFM_APP_ROT_LINKER$$Limit = (ADDR (.TFM_APP_ROT_LINKER) + SIZEOF (.TFM_APP_ROT_LINKER))
                0x0000000000010840                Image$$TFM_APP_CODE_END$$Base = .

.ER_TFM_CODE    0x0000000000010840     0x1e04
 *startup*(.text*)
 .text.NMI_Handler
                0x0000000000010840        0x2 secure_fw/CMakeFiles/tfm_s.dir/__/platform/ext/target/nordic_nrf/common/nrf91/gcc/startup_nrf91.o
                0x0000000000010840                NMI_Handler
 .text.DebugMon_Handler
                0x0000000000010842        0x2 secure_fw/CMakeFiles/tfm_s.dir/__/platform/ext/target/nordic_nrf/common/nrf91/gcc/startup_nrf91.o
                0x0000000000010842                DebugMon_Handler
 .text.SysTick_Handler
                0x0000000000010844        0x2 secure_fw/CMakeFiles/tfm_s.dir/__/platform/ext/target/nordic_nrf/common/nrf91/gcc/startup_nrf91.o
                0x0000000000010844                SysTick_Handler
 .text.SPU_IRQHandler
                0x0000000000010846        0x2 secure_fw/CMakeFiles/tfm_s.dir/__/platform/ext/target/nordic_nrf/common/nrf91/gcc/startup_nrf91.o
                0x0000000000010846                SPU_IRQHandler
 .text.CLOCK_POWER_IRQHandler
                0x0000000000010848        0x2 secure_fw/CMakeFiles/tfm_s.dir/__/platform/ext/target/nordic_nrf/common/nrf91/gcc/startup_nrf91.o
                0x0000000000010848                CLOCK_POWER_IRQHandler
 .text.SPIM0_SPIS0_TWIM0_TWIS0_UARTE0_IRQHandler
                0x000000000001084a        0x2 secure_fw/CMakeFiles/tfm_s.dir/__/platform/ext/target/nordic_nrf/common/nrf91/gcc/startup_nrf91.o
                0x000000000001084a                SPIM0_SPIS0_TWIM0_TWIS0_UARTE0_IRQHandler
 .text.SPIM1_SPIS1_TWIM1_TWIS1_UARTE1_IRQHandler
                0x000000000001084c        0x2 secure_fw/CMakeFiles/tfm_s.dir/__/platform/ext/target/nordic_nrf/common/nrf91/gcc/startup_nrf91.o
                0x000000000001084c                SPIM1_SPIS1_TWIM1_TWIS1_UARTE1_IRQHandler
 .text.SPIM2_SPIS2_TWIM2_TWIS2_UARTE2_IRQHandler
                0x000000000001084e        0x2 secure_fw/CMakeFiles/tfm_s.dir/__/platform/ext/target/nordic_nrf/common/nrf91/gcc/startup_nrf91.o
                0x000000000001084e                SPIM2_SPIS2_TWIM2_TWIS2_UARTE2_IRQHandler
 .text.UARTE3_SPIM3_SPIS3_TWIM3_TWIS3_IRQHandler
                0x0000000000010850        0x2 secure_fw/CMakeFiles/tfm_s.dir/__/platform/ext/target/nordic_nrf/common/nrf91/gcc/startup_nrf91.o
                0x0000000000010850                UARTE3_SPIM3_SPIS3_TWIM3_TWIS3_IRQHandler
 .text.GPIOTE0_IRQHandler
                0x0000000000010852        0x2 secure_fw/CMakeFiles/tfm_s.dir/__/platform/ext/target/nordic_nrf/common/nrf91/gcc/startup_nrf91.o
                0x0000000000010852                GPIOTE0_IRQHandler
 .text.SAADC_IRQHandler
                0x0000000000010854        0x2 secure_fw/CMakeFiles/tfm_s.dir/__/platform/ext/target/nordic_nrf/common/nrf91/gcc/startup_nrf91.o
                0x0000000000010854                SAADC_IRQHandler
 .text.TIMER0_IRQHandler
                0x0000000000010856        0x2 secure_fw/CMakeFiles/tfm_s.dir/__/platform/ext/target/nordic_nrf/common/nrf91/gcc/startup_nrf91.o
                0x0000000000010856                TIMER0_IRQHandler
 .text.TIMER1_IRQHandler
                0x0000000000010858        0x2 secure_fw/CMakeFiles/tfm_s.dir/__/platform/ext/target/nordic_nrf/common/nrf91/gcc/startup_nrf91.o
                0x0000000000010858                TIMER1_IRQHandler
 .text.TIMER2_IRQHandler
                0x000000000001085a        0x2 secure_fw/CMakeFiles/tfm_s.dir/__/platform/ext/target/nordic_nrf/common/nrf91/gcc/startup_nrf91.o
                0x000000000001085a                TIMER2_IRQHandler
 .text.RTC0_IRQHandler
                0x000000000001085c        0x2 secure_fw/CMakeFiles/tfm_s.dir/__/platform/ext/target/nordic_nrf/common/nrf91/gcc/startup_nrf91.o
                0x000000000001085c                RTC0_IRQHandler
 .text.RTC1_IRQHandler
                0x000000000001085e        0x2 secure_fw/CMakeFiles/tfm_s.dir/__/platform/ext/target/nordic_nrf/common/nrf91/gcc/startup_nrf91.o
                0x000000000001085e                RTC1_IRQHandler
 .text.WDT_IRQHandler
                0x0000000000010860        0x2 secure_fw/CMakeFiles/tfm_s.dir/__/platform/ext/target/nordic_nrf/common/nrf91/gcc/startup_nrf91.o
                0x0000000000010860                WDT_IRQHandler
 .text.EGU0_IRQHandler
                0x0000000000010862        0x2 secure_fw/CMakeFiles/tfm_s.dir/__/platform/ext/target/nordic_nrf/common/nrf91/gcc/startup_nrf91.o
                0x0000000000010862                EGU0_IRQHandler
 .text.EGU1_IRQHandler
                0x0000000000010864        0x2 secure_fw/CMakeFiles/tfm_s.dir/__/platform/ext/target/nordic_nrf/common/nrf91/gcc/startup_nrf91.o
                0x0000000000010864                EGU1_IRQHandler
 .text.EGU2_IRQHandler
                0x0000000000010866        0x2 secure_fw/CMakeFiles/tfm_s.dir/__/platform/ext/target/nordic_nrf/common/nrf91/gcc/startup_nrf91.o
                0x0000000000010866                EGU2_IRQHandler
 .text.EGU3_IRQHandler
                0x0000000000010868        0x2 secure_fw/CMakeFiles/tfm_s.dir/__/platform/ext/target/nordic_nrf/common/nrf91/gcc/startup_nrf91.o
                0x0000000000010868                EGU3_IRQHandler
 .text.EGU4_IRQHandler
                0x000000000001086a        0x2 secure_fw/CMakeFiles/tfm_s.dir/__/platform/ext/target/nordic_nrf/common/nrf91/gcc/startup_nrf91.o
                0x000000000001086a                EGU4_IRQHandler
 .text.EGU5_IRQHandler
                0x000000000001086c        0x2 secure_fw/CMakeFiles/tfm_s.dir/__/platform/ext/target/nordic_nrf/common/nrf91/gcc/startup_nrf91.o
                0x000000000001086c                EGU5_IRQHandler
 .text.PWM0_IRQHandler
                0x000000000001086e        0x2 secure_fw/CMakeFiles/tfm_s.dir/__/platform/ext/target/nordic_nrf/common/nrf91/gcc/startup_nrf91.o
                0x000000000001086e                PWM0_IRQHandler
 .text.PWM1_IRQHandler
                0x0000000000010870        0x2 secure_fw/CMakeFiles/tfm_s.dir/__/platform/ext/target/nordic_nrf/common/nrf91/gcc/startup_nrf91.o
                0x0000000000010870                PWM1_IRQHandler
 .text.PWM2_IRQHandler
                0x0000000000010872        0x2 secure_fw/CMakeFiles/tfm_s.dir/__/platform/ext/target/nordic_nrf/common/nrf91/gcc/startup_nrf91.o
                0x0000000000010872                PWM2_IRQHandler
 .text.PWM3_IRQHandler
                0x0000000000010874        0x2 secure_fw/CMakeFiles/tfm_s.dir/__/platform/ext/target/nordic_nrf/common/nrf91/gcc/startup_nrf91.o
                0x0000000000010874                PWM3_IRQHandler
 .text.PDM_IRQHandler
                0x0000000000010876        0x2 secure_fw/CMakeFiles/tfm_s.dir/__/platform/ext/target/nordic_nrf/common/nrf91/gcc/startup_nrf91.o
                0x0000000000010876                PDM_IRQHandler
 .text.I2S_IRQHandler
                0x0000000000010878        0x2 secure_fw/CMakeFiles/tfm_s.dir/__/platform/ext/target/nordic_nrf/common/nrf91/gcc/startup_nrf91.o
                0x0000000000010878                I2S_IRQHandler
 .text.IPC_IRQHandler
                0x000000000001087a        0x2 secure_fw/CMakeFiles/tfm_s.dir/__/platform/ext/target/nordic_nrf/common/nrf91/gcc/startup_nrf91.o
                0x000000000001087a                IPC_IRQHandler
 .text.FPU_IRQHandler
                0x000000000001087c        0x2 secure_fw/CMakeFiles/tfm_s.dir/__/platform/ext/target/nordic_nrf/common/nrf91/gcc/startup_nrf91.o
                0x000000000001087c                FPU_IRQHandler
 .text.GPIOTE1_IRQHandler
                0x000000000001087e        0x2 secure_fw/CMakeFiles/tfm_s.dir/__/platform/ext/target/nordic_nrf/common/nrf91/gcc/startup_nrf91.o
                0x000000000001087e                GPIOTE1_IRQHandler
 .text.KMU_IRQHandler
                0x0000000000010880        0x2 secure_fw/CMakeFiles/tfm_s.dir/__/platform/ext/target/nordic_nrf/common/nrf91/gcc/startup_nrf91.o
                0x0000000000010880                KMU_IRQHandler
 .text.CRYPTOCELL_IRQHandler
                0x0000000000010882        0x2 secure_fw/CMakeFiles/tfm_s.dir/__/platform/ext/target/nordic_nrf/common/nrf91/gcc/startup_nrf91.o
                0x0000000000010882                CRYPTOCELL_IRQHandler
 *fill*         0x0000000000010884        0x4 
 .text.Reset_Handler
                0x0000000000010888       0xd4 secure_fw/CMakeFiles/tfm_s.dir/__/platform/ext/target/nordic_nrf/common/nrf91/gcc/startup_nrf91.o
                0x0000000000010888                Reset_Handler
 *libplatform_s*:*(.text*)
 .text.hw_init_reset_on_boot
                0x000000000001095c       0xd0 platform/libplatform_s.a(hw_init.o)
                0x000000000001095c                hw_init_reset_on_boot
 .text.nrf91_errata_14
                0x0000000000010a2c       0x24 platform/libplatform_s.a(system_nrf91.o)
 .text.SystemInit
                0x0000000000010a50      0x190 platform/libplatform_s.a(system_nrf91.o)
                0x0000000000010a50                SystemInit
 .text.mpu_armv8m_enable
                0x0000000000010be0       0x34 platform/libplatform_s.a(mpu_armv8m_drv.o)
                0x0000000000010be0                mpu_armv8m_enable
 .text.mpu_armv8m_region_enable
                0x0000000000010c14       0x6a platform/libplatform_s.a(mpu_armv8m_drv.o)
                0x0000000000010c14                mpu_armv8m_region_enable
 .text.mpu_armv8m_region_disable
                0x0000000000010c7e       0x14 platform/libplatform_s.a(mpu_armv8m_drv.o)
                0x0000000000010c7e                mpu_armv8m_region_disable
 .text.mpu_armv8m_clean
                0x0000000000010c92       0x22 platform/libplatform_s.a(mpu_armv8m_drv.o)
                0x0000000000010c92                mpu_armv8m_clean
 .text.spu_enable_interrupts
                0x0000000000010cb4       0x10 platform/libplatform_s.a(spu.o)
                0x0000000000010cb4                spu_enable_interrupts
 .text.spu_regions_reset_unlocked_secure
                0x0000000000010cc4       0x3c platform/libplatform_s.a(spu.o)
                0x0000000000010cc4                spu_regions_reset_unlocked_secure
 .text.spu_regions_flash_config_non_secure
                0x0000000000010d00       0x24 platform/libplatform_s.a(spu.o)
                0x0000000000010d00                spu_regions_flash_config_non_secure
 .text.spu_regions_sram_config_non_secure
                0x0000000000010d24       0x2c platform/libplatform_s.a(spu.o)
                0x0000000000010d24                spu_regions_sram_config_non_secure
 .text.spu_regions_flash_config_non_secure_callable
                0x0000000000010d50       0x30 platform/libplatform_s.a(spu.o)
                0x0000000000010d50                spu_regions_flash_config_non_secure_callable
 .text.spu_regions_flash_get_base_address_in_region
                0x0000000000010d80        0x4 platform/libplatform_s.a(spu.o)
                0x0000000000010d80                spu_regions_flash_get_base_address_in_region
 .text.spu_regions_flash_get_last_address_in_region
                0x0000000000010d84        0xa platform/libplatform_s.a(spu.o)
                0x0000000000010d84                spu_regions_flash_get_last_address_in_region
 .text.spu_regions_flash_get_start_id
                0x0000000000010d8e        0x4 platform/libplatform_s.a(spu.o)
                0x0000000000010d8e                spu_regions_flash_get_start_id
 .text.spu_regions_flash_get_last_id
                0x0000000000010d92        0x4 platform/libplatform_s.a(spu.o)
                0x0000000000010d92                spu_regions_flash_get_last_id
 .text.spu_regions_flash_get_region_size
                0x0000000000010d96        0x6 platform/libplatform_s.a(spu.o)
                0x0000000000010d96                spu_regions_flash_get_region_size
 .text.spu_regions_sram_get_base_address_in_region
                0x0000000000010d9c        0xa platform/libplatform_s.a(spu.o)
                0x0000000000010d9c                spu_regions_sram_get_base_address_in_region
 *fill*         0x0000000000010da6        0x2 
 .text.spu_regions_sram_get_last_address_in_region
                0x0000000000010da8        0xc platform/libplatform_s.a(spu.o)
                0x0000000000010da8                spu_regions_sram_get_last_address_in_region
 .text.spu_regions_sram_get_start_id
                0x0000000000010db4        0x4 platform/libplatform_s.a(spu.o)
                0x0000000000010db4                spu_regions_sram_get_start_id
 .text.spu_regions_sram_get_last_id
                0x0000000000010db8        0x4 platform/libplatform_s.a(spu.o)
                0x0000000000010db8                spu_regions_sram_get_last_id
 .text.spu_regions_sram_get_region_size
                0x0000000000010dbc        0x6 platform/libplatform_s.a(spu.o)
                0x0000000000010dbc                spu_regions_sram_get_region_size
 *fill*         0x0000000000010dc2        0x2 
 .text.spu_peripheral_config_non_secure
                0x0000000000010dc4       0x18 platform/libplatform_s.a(spu.o)
                0x0000000000010dc4                spu_peripheral_config_non_secure
 .text.tfm_hal_platform_init
                0x0000000000010ddc       0x30 platform/libplatform_s.a(tfm_hal_platform.o)
                0x0000000000010ddc                tfm_hal_platform_init
 .text.tfm_plat_otp_init
                0x0000000000010e0c        0x4 platform/libplatform_s.a(dummy_otp.o)
                0x0000000000010e0c                tfm_plat_otp_init
 .text.tfm_plat_provisioning_is_required
                0x0000000000010e10        0x4 platform/libplatform_s.a(dummy_provisioning.o)
                0x0000000000010e10                tfm_plat_provisioning_is_required
 .text.tfm_plat_provisioning_perform
                0x0000000000010e14        0x4 platform/libplatform_s.a(dummy_provisioning.o)
                0x0000000000010e14                tfm_plat_provisioning_perform
 .text.tfm_plat_provisioning_check_for_dummy_keys
                0x0000000000010e18        0x2 platform/libplatform_s.a(dummy_provisioning.o)
                0x0000000000010e18                tfm_plat_provisioning_check_for_dummy_keys
 *fill*         0x0000000000010e1a        0x2 
 .text.tfm_platform_hal_system_reset
                0x0000000000010e1c       0x24 platform/libplatform_s.a(tfm_platform_system.o)
                0x0000000000010e1c                tfm_platform_hal_system_reset
 .text.tfm_platform_hal_ioctl
                0x0000000000010e40       0x10 platform/libplatform_s.a(tfm_platform_system.o)
                0x0000000000010e40                tfm_platform_hal_ioctl
 .text.tfm_hal_system_reset
                0x0000000000010e50       0x24 platform/libplatform_s.a(tfm_hal_reset_halt.o)
                0x0000000000010e50                tfm_hal_system_reset
 .text.tfm_platform_hal_read_service
                0x0000000000010e74       0x60 platform/libplatform_s.a(tfm_platform_hal_ioctl.o)
                0x0000000000010e74                tfm_platform_hal_read_service
 *libtfm_spm*:*(.text*)
 .text.tfm_core_panic
                0x0000000000010ed4        0x4 secure_fw/spm/libtfm_spm.a(utilities.o)
                0x0000000000010ed4                tfm_core_panic
 .text.startup.main
                0x0000000000010ed8       0x50 secure_fw/spm/libtfm_spm.a(main.o)
                0x0000000000010ed8                main
 .text.cross_call_entering_c
                0x0000000000010f28       0x2c secure_fw/spm/libtfm_spm.a(spm_cross_call.o)
                0x0000000000010f28                cross_call_entering_c
 .text.cross_call_exiting_c
                0x0000000000010f54       0x30 secure_fw/spm/libtfm_spm.a(spm_cross_call.o)
                0x0000000000010f54                cross_call_exiting_c
 .text.spm_interface_cross_dispatcher
                0x0000000000010f84       0x3c secure_fw/spm/libtfm_spm.a(spm_cross_call.o)
                0x0000000000010f84                spm_interface_cross_dispatcher
 .text.spm_handle_programmer_errors
                0x0000000000010fc0       0x18 secure_fw/spm/libtfm_spm.a(psa_api.o)
                0x0000000000010fc0                spm_handle_programmer_errors
 .text.tfm_spm_get_lifecycle_state
                0x0000000000010fd8        0x4 secure_fw/spm/libtfm_spm.a(psa_api.o)
                0x0000000000010fd8                tfm_spm_get_lifecycle_state
 .text.tfm_spm_client_psa_framework_version
                0x0000000000010fdc        0x6 secure_fw/spm/libtfm_spm.a(psa_api.o)
                0x0000000000010fdc                tfm_spm_client_psa_framework_version
 .text.tfm_spm_client_psa_version
                0x0000000000010fe2       0x2c secure_fw/spm/libtfm_spm.a(psa_api.o)
                0x0000000000010fe2                tfm_spm_client_psa_version
 *fill*         0x000000000001100e        0x2 
 .text.tfm_spm_client_psa_call
                0x0000000000011010      0x1bc secure_fw/spm/libtfm_spm.a(psa_api.o)
                0x0000000000011010                tfm_spm_client_psa_call
 .text.tfm_spm_partition_psa_wait
                0x00000000000111cc       0x38 secure_fw/spm/libtfm_spm.a(psa_api.o)
                0x00000000000111cc                tfm_spm_partition_psa_wait
 .text.tfm_spm_partition_psa_get
                0x0000000000011204       0x64 secure_fw/spm/libtfm_spm.a(psa_api.o)
                0x0000000000011204                tfm_spm_partition_psa_get
 .text.tfm_spm_partition_psa_read
                0x0000000000011268       0x7c secure_fw/spm/libtfm_spm.a(psa_api.o)
                0x0000000000011268                tfm_spm_partition_psa_read
 .text.tfm_spm_partition_psa_skip
                0x00000000000112e4       0x46 secure_fw/spm/libtfm_spm.a(psa_api.o)
                0x00000000000112e4                tfm_spm_partition_psa_skip
 *fill*         0x000000000001132a        0x2 
 .text.tfm_spm_partition_psa_write
                0x000000000001132c       0x78 secure_fw/spm/libtfm_spm.a(psa_api.o)
                0x000000000001132c                tfm_spm_partition_psa_write
 .text.tfm_spm_partition_psa_reply
                0x00000000000113a4       0x9a secure_fw/spm/libtfm_spm.a(psa_api.o)
                0x00000000000113a4                tfm_spm_partition_psa_reply
 .text.tfm_spm_partition_psa_panic
                0x000000000001143e        0x4 secure_fw/spm/libtfm_spm.a(psa_api.o)
                0x000000000001143e                tfm_spm_partition_psa_panic
 *fill*         0x0000000000011442        0x2 
 .text.backend_messaging
                0x0000000000011444       0x64 secure_fw/spm/libtfm_spm.a(backend_ipc.o)
                0x0000000000011444                backend_messaging
 .text.backend_replying
                0x00000000000114a8        0xc secure_fw/spm/libtfm_spm.a(backend_ipc.o)
                0x00000000000114a8                backend_replying
 .text.backend_init_comp_assuredly
                0x00000000000114b4       0xb8 secure_fw/spm/libtfm_spm.a(backend_ipc.o)
                0x00000000000114b4                backend_init_comp_assuredly
 .text.backend_system_run
                0x000000000001156c       0x3c secure_fw/spm/libtfm_spm.a(backend_ipc.o)
                0x000000000001156c                backend_system_run
 .text.backend_wait
                0x00000000000115a8       0x28 secure_fw/spm/libtfm_spm.a(backend_ipc.o)
                0x00000000000115a8                backend_wait
 .text.ipc_schedule
                0x00000000000115d0       0x80 secure_fw/spm/libtfm_spm.a(backend_ipc.o)
                0x00000000000115d0                ipc_schedule
 .text.tfm_core_svc_handler
                0x0000000000011650      0x164 secure_fw/spm/libtfm_spm.a(tfm_core_svcalls_ipc.o)
                0x0000000000011650                tfm_core_svc_handler
 .text.tfm_core_handler_mode
                0x00000000000117b4        0x4 secure_fw/spm/libtfm_spm.a(tfm_core_svcalls_ipc.o)
                0x00000000000117b4                tfm_core_handler_mode
 .text.thrd_next
                0x00000000000117b8       0x18 secure_fw/spm/libtfm_spm.a(thread.o)
                0x00000000000117b8                thrd_next
 .text.thrd_set_state
                0x00000000000117d0       0x28 secure_fw/spm/libtfm_spm.a(thread.o)
                0x00000000000117d0                thrd_set_state
 .text.thrd_start
                0x00000000000117f8       0x44 secure_fw/spm/libtfm_spm.a(thread.o)
                0x00000000000117f8                thrd_start
 .text.thrd_start_scheduler
                0x000000000001183c       0x1c secure_fw/spm/libtfm_spm.a(thread.o)
                0x000000000001183c                thrd_start_scheduler
 .text.thrd_set_wait
                0x0000000000011858       0x18 secure_fw/spm/libtfm_spm.a(thread.o)
                0x0000000000011858                thrd_set_wait
 .text.thrd_wake_up
                0x0000000000011870       0x26 secure_fw/spm/libtfm_spm.a(thread.o)
                0x0000000000011870                thrd_wake_up
 *fill*         0x0000000000011896        0x2 
 .text.arch_non_preempt_call
                0x0000000000011898       0x54 secure_fw/spm/libtfm_spm.a(tfm_arch_v8m_main.o)
                0x0000000000011898                arch_non_preempt_call
 .text.PendSV_Handler
                0x00000000000118ec       0x3a secure_fw/spm/libtfm_spm.a(tfm_arch_v8m_main.o)
                0x00000000000118ec                PendSV_Handler
 *fill*         0x0000000000011926        0x2 
 .text.SVC_Handler
                0x0000000000011928       0x54 secure_fw/spm/libtfm_spm.a(tfm_arch_v8m_main.o)
                0x0000000000011928                SVC_Handler
 .text.tfm_arch_set_secure_exception_priorities
                0x000000000001197c       0x28 secure_fw/spm/libtfm_spm.a(tfm_arch_v8m_main.o)
                0x000000000001197c                tfm_arch_set_secure_exception_priorities
 .text.tfm_arch_config_extensions
                0x00000000000119a4        0x2 secure_fw/spm/libtfm_spm.a(tfm_arch_v8m_main.o)
                0x00000000000119a4                tfm_arch_config_extensions
 *fill*         0x00000000000119a6        0x2 
 .text.ns_agent_tz_main
                0x00000000000119a8       0x34 secure_fw/spm/libtfm_spm.a(ns_agent_tz_v80m.o)
                0x00000000000119a8                ns_agent_tz_main
 .text.tfm_hal_bind_boundary
                0x00000000000119dc       0x46 secure_fw/spm/libtfm_spm.a(tfm_hal_isolation.o)
                0x00000000000119dc                tfm_hal_bind_boundary
 .text.tfm_hal_activate_boundary
                0x0000000000011a22       0x1c secure_fw/spm/libtfm_spm.a(tfm_hal_isolation.o)
                0x0000000000011a22                tfm_hal_activate_boundary
 .text.tfm_hal_memory_check
                0x0000000000011a3e      0x126 secure_fw/spm/libtfm_spm.a(tfm_hal_isolation.o)
                0x0000000000011a3e                tfm_hal_memory_check
 .text.mpu_init_cfg
                0x0000000000011b64      0x11c secure_fw/spm/libtfm_spm.a(tfm_hal_isolation.o)
                0x0000000000011b64                mpu_init_cfg
 .text.tfm_hal_set_up_static_boundaries
                0x0000000000011c80       0x2a secure_fw/spm/libtfm_spm.a(tfm_hal_isolation.o)
                0x0000000000011c80                tfm_hal_set_up_static_boundaries
 .text.tfm_hal_boundary_need_switch
                0x0000000000011caa       0x1a secure_fw/spm/libtfm_spm.a(tfm_hal_isolation.o)
                0x0000000000011caa                tfm_hal_boundary_need_switch
 .text.enable_fault_handlers
                0x0000000000011cc4       0x14 secure_fw/spm/libtfm_spm.a(target_cfg.o)
                0x0000000000011cc4                enable_fault_handlers
 .text.system_reset_cfg
                0x0000000000011cd8       0x18 secure_fw/spm/libtfm_spm.a(target_cfg.o)
                0x0000000000011cd8                system_reset_cfg
 .text.init_debug
                0x0000000000011cf0        0x4 secure_fw/spm/libtfm_spm.a(target_cfg.o)
                0x0000000000011cf0                init_debug
 .text.nvic_interrupt_target_state_cfg
                0x0000000000011cf4       0x30 secure_fw/spm/libtfm_spm.a(target_cfg.o)
                0x0000000000011cf4                nvic_interrupt_target_state_cfg
 .text.nvic_interrupt_enable
                0x0000000000011d24       0x18 secure_fw/spm/libtfm_spm.a(target_cfg.o)
                0x0000000000011d24                nvic_interrupt_enable
 .text.sau_and_idau_cfg
                0x0000000000011d3c       0x20 secure_fw/spm/libtfm_spm.a(target_cfg.o)
                0x0000000000011d3c                sau_and_idau_cfg
 .text.spu_init_cfg
                0x0000000000011d5c       0x50 secure_fw/spm/libtfm_spm.a(target_cfg.o)
                0x0000000000011d5c                spu_init_cfg
 .text.spu_periph_init_cfg
                0x0000000000011dac      0x188 secure_fw/spm/libtfm_spm.a(target_cfg.o)
                0x0000000000011dac                spu_periph_init_cfg
 .text.tfm_core_validate_boot_data
                0x0000000000011f34        0xc secure_fw/spm/libtfm_spm.a(tfm_boot_data.o)
                0x0000000000011f34                tfm_core_validate_boot_data
 .text.tfm_core_get_boot_data_handler
                0x0000000000011f40       0x34 secure_fw/spm/libtfm_spm.a(tfm_boot_data.o)
                0x0000000000011f40                tfm_core_get_boot_data_handler
 .text.tfm_arch_free_msp_and_exc_ret
                0x0000000000011f74        0x8 secure_fw/spm/libtfm_spm.a(tfm_arch.o)
                0x0000000000011f74                tfm_arch_free_msp_and_exc_ret
 .text.tfm_arch_set_context_ret_code
                0x0000000000011f7c       0x14 secure_fw/spm/libtfm_spm.a(tfm_arch.o)
                0x0000000000011f7c                tfm_arch_set_context_ret_code
 .text.tfm_arch_trigger_pendsv
                0x0000000000011f90       0x18 secure_fw/spm/libtfm_spm.a(tfm_arch.o)
                0x0000000000011f90                tfm_arch_trigger_pendsv
 .text.tfm_arch_init_context
                0x0000000000011fa8       0x54 secure_fw/spm/libtfm_spm.a(tfm_arch.o)
                0x0000000000011fa8                tfm_arch_init_context
 .text.tfm_arch_refresh_hardware_context
                0x0000000000011ffc       0x12 secure_fw/spm/libtfm_spm.a(tfm_arch.o)
                0x0000000000011ffc                tfm_arch_refresh_hardware_context
 *fill*         0x000000000001200e        0x2 
 .text.tfm_spm_to_user_handle
                0x0000000000012010       0x20 secure_fw/spm/libtfm_spm.a(spm_ipc.o)
                0x0000000000012010                tfm_spm_to_user_handle
 .text.tfm_spm_to_handle_instance
                0x0000000000012030       0x10 secure_fw/spm/libtfm_spm.a(spm_ipc.o)
                0x0000000000012030                tfm_spm_to_handle_instance
 .text.tfm_spm_create_conn_handle
                0x0000000000012040       0x20 secure_fw/spm/libtfm_spm.a(spm_ipc.o)
                0x0000000000012040                tfm_spm_create_conn_handle
 .text.tfm_spm_validate_conn_handle
                0x0000000000012060       0x1c secure_fw/spm/libtfm_spm.a(spm_ipc.o)
                0x0000000000012060                tfm_spm_validate_conn_handle
 .text.tfm_spm_free_conn_handle
                0x000000000001207c       0x1c secure_fw/spm/libtfm_spm.a(spm_ipc.o)
                0x000000000001207c                tfm_spm_free_conn_handle
 .text.spm_get_handle_by_signal
                0x0000000000012098       0x4a secure_fw/spm/libtfm_spm.a(spm_ipc.o)
                0x0000000000012098                spm_get_handle_by_signal
 *fill*         0x00000000000120e2        0x2 
 .text.tfm_spm_get_service_by_sid
                0x00000000000120e4       0x2c secure_fw/spm/libtfm_spm.a(spm_ipc.o)
                0x00000000000120e4                tfm_spm_get_service_by_sid
 .text.tfm_spm_check_client_version
                0x0000000000012110       0x24 secure_fw/spm/libtfm_spm.a(spm_ipc.o)
                0x0000000000012110                tfm_spm_check_client_version
 .text.tfm_spm_check_authorization
                0x0000000000012134       0x48 secure_fw/spm/libtfm_spm.a(spm_ipc.o)
                0x0000000000012134                tfm_spm_check_authorization
 .text.spm_fill_message
                0x000000000001217c       0x98 secure_fw/spm/libtfm_spm.a(spm_ipc.o)
                0x000000000001217c                spm_fill_message
 .text.tfm_spm_partition_get_running_partition_id
                0x0000000000012214       0x20 secure_fw/spm/libtfm_spm.a(spm_ipc.o)
                0x0000000000012214                tfm_spm_partition_get_running_partition_id
 .text.spm_get_handle_by_msg_handle
                0x0000000000012234       0x28 secure_fw/spm/libtfm_spm.a(spm_ipc.o)
                0x0000000000012234                spm_get_handle_by_msg_handle
 .text.tfm_spm_is_ns_caller
                0x000000000001225c       0x20 secure_fw/spm/libtfm_spm.a(spm_ipc.o)
                0x000000000001225c                tfm_spm_is_ns_caller
 .text.tfm_spm_get_client_id
                0x000000000001227c       0x20 secure_fw/spm/libtfm_spm.a(spm_ipc.o)
                0x000000000001227c                tfm_spm_get_client_id
 .text.tfm_spm_init
                0x000000000001229c       0x74 secure_fw/spm/libtfm_spm.a(spm_ipc.o)
                0x000000000001229c                tfm_spm_init
 .text.update_caller_outvec_len
                0x0000000000012310       0x24 secure_fw/spm/libtfm_spm.a(spm_ipc.o)
                0x0000000000012310                update_caller_outvec_len
 .text.load_a_partition_assuredly
                0x0000000000012334       0xd0 secure_fw/spm/libtfm_spm.a(static_loader.o)
                0x0000000000012334                load_a_partition_assuredly
 .text.load_services_assuredly
                0x0000000000012404       0xc4 secure_fw/spm/libtfm_spm.a(static_loader.o)
                0x0000000000012404                load_services_assuredly
 .text.load_irqs_assuredly
                0x00000000000124c8        0x2 secure_fw/spm/libtfm_spm.a(static_loader.o)
                0x00000000000124c8                load_irqs_assuredly
 .text.tfm_pool_init
                0x00000000000124ca       0x58 secure_fw/spm/libtfm_spm.a(tfm_pools.o)
                0x00000000000124ca                tfm_pool_init
 .text.tfm_pool_alloc
                0x0000000000012522       0x16 secure_fw/spm/libtfm_spm.a(tfm_pools.o)
                0x0000000000012522                tfm_pool_alloc
 .text.tfm_pool_free
                0x0000000000012538        0xc secure_fw/spm/libtfm_spm.a(tfm_pools.o)
                0x0000000000012538                tfm_pool_free
 .text.is_valid_chunk_data_in_pool
                0x0000000000012544       0x2e secure_fw/spm/libtfm_spm.a(tfm_pools.o)
                0x0000000000012544                is_valid_chunk_data_in_pool
 .text.tfm_nspm_get_current_client_id
                0x0000000000012572        0x6 secure_fw/spm/libtfm_spm.a(tfm_spm_ns_ctx.o)
                0x0000000000012572                tfm_nspm_get_current_client_id
 .text.tfm_nspm_ctx_init
                0x0000000000012578        0x2 secure_fw/spm/libtfm_spm.a(tfm_spm_ns_ctx.o)
                0x0000000000012578                tfm_nspm_ctx_init
 *fill*         0x000000000001257a        0x2 
 .text.ns_agent_tz_init_c
                0x000000000001257c       0x20 secure_fw/spm/libtfm_spm.a(ns_agent_tz_init.o)
                0x000000000001257c                ns_agent_tz_init_c
 .text.tfm_hal_platform_common_init
                0x000000000001259c       0x32 secure_fw/spm/libtfm_spm.a(tfm_hal_platform_common.o)
                0x000000000001259c                tfm_hal_platform_common_init
 *fill*         0x00000000000125ce        0x2 
 .text.tfm_hal_get_ns_VTOR
                0x00000000000125d0        0xc secure_fw/spm/libtfm_spm.a(tfm_hal_platform_common.o)
                0x00000000000125d0                tfm_hal_get_ns_VTOR
 .text.tfm_hal_get_ns_MSP
                0x00000000000125dc        0xc secure_fw/spm/libtfm_spm.a(tfm_hal_platform_common.o)
                0x00000000000125dc                tfm_hal_get_ns_MSP
 .text.tfm_hal_get_ns_entry_point
                0x00000000000125e8        0xc secure_fw/spm/libtfm_spm.a(tfm_hal_platform_common.o)
                0x00000000000125e8                tfm_hal_get_ns_entry_point
 *libplatform_s*:*(.rodata*)
 .rodata.ranges
                0x00000000000125f4       0x20 platform/libplatform_s.a(tfm_platform_hal_ioctl.o)
 *libtfm_spm*:*(.rodata*)
 .rodata.memory_regions
                0x0000000000012614       0x24 secure_fw/spm/libtfm_spm.a(target_cfg.o)
                0x0000000000012614                memory_regions
 .rodata.serv_pool_ea
                0x0000000000012638        0x4 secure_fw/spm/libtfm_spm.a(static_loader.o)
 .rodata.part_pool_ea
                0x000000000001263c        0x4 secure_fw/spm/libtfm_spm.a(static_loader.o)
 .rodata.ldinf_ea
                0x0000000000012640        0x4 secure_fw/spm/libtfm_spm.a(static_loader.o)

.tfm_secure_data_start
                0x0000000020000000        0x0
                0x0000000020000000                . = ABSOLUTE (0x20000000)

.tfm_bl2_shared_data
                0x0000000020000000      0x400
                0x0000000020000400                . = (. + 0x400)
 *fill*         0x0000000020000000      0x400 

.msp_stack      0x0000000020000400      0x7f8
                0x0000000020000bf8                . = (. + (__msp_stack_size__ - 0x8))
 *fill*         0x0000000020000400      0x7f8 
                0x0000000020000400                Image$$ARM_LIB_STACK$$ZI$$Base = ADDR (.msp_stack)
                0x0000000020000bf8                Image$$ARM_LIB_STACK$$ZI$$Limit = (ADDR (.msp_stack) + SIZEOF (.msp_stack))

.msp_stack_seal_res
                0x0000000020000bf8        0x8
                0x0000000020000c00                . = (. + 0x8)
 *fill*         0x0000000020000bf8        0x8 
                0x0000000020000bf8                __StackSeal = ADDR (.msp_stack_seal_res)

.TFM_SP_META_PTR
                0x0000000020000c00       0x20
 *(.bss.SP_META_PTR_SPRTL_INST)
 .bss.SP_META_PTR_SPRTL_INST
                0x0000000020000c00        0x4 secure_fw/partitions/lib/runtime/libtfm_sprt.a(sprt_partition_metadata_indicator.o)
                0x0000000020000c00                p_partition_metadata
                0x0000000020000c20                . = ALIGN (0x20)
 *fill*         0x0000000020000c04       0x1c 
                0x0000000020000c00                Image$$TFM_SP_META_PTR$$ZI$$Base = ADDR (.TFM_SP_META_PTR)
                0x0000000020000c20                Image$$TFM_SP_META_PTR$$ZI$$Limit = (ADDR (.TFM_SP_META_PTR) + SIZEOF (.TFM_SP_META_PTR))
                0x0000000020000c20                . = ALIGN (0x20)
                0x0000000020000c20                Image$$TFM_APP_RW_STACK_START$$Base = .

.TFM_APP_ROT_LINKER_DATA
                0x0000000020000c20        0x0 load address 0x0000000000012660
 *tfm_app_rot_partition*:*(.data*)
 *(TFM_*_APP-ROT_ATTR_RW)
                0x0000000020000c20                . = ALIGN (0x4)
                0x0000000020000c20                Image$$TFM_APP_ROT_LINKER_DATA$$RW$$Base = ADDR (.TFM_APP_ROT_LINKER_DATA)
                0x0000000020000c20                Image$$TFM_APP_ROT_LINKER_DATA$$RW$$Limit = (ADDR (.TFM_APP_ROT_LINKER_DATA) + SIZEOF (.TFM_APP_ROT_LINKER_DATA))

.TFM_APP_ROT_LINKER_BSS
                0x0000000020000c20       0x20
                0x0000000020000c20                start_of_TFM_APP_ROT_LINKER = .
 *tfm_app_rot_partition*:*(.bss*)
 *tfm_app_rot_partition*:*(COMMON)
 *(TFM_*_APP-ROT_ATTR_ZI)
                0x0000000020000c24                . = (. + (. - start_of_TFM_APP_ROT_LINKER)?0x0:0x4)
 *fill*         0x0000000020000c20        0x4 
                0x0000000020000c40                . = ALIGN (0x20)
 *fill*         0x0000000020000c24       0x1c 
                0x0000000020000c20                Image$$TFM_APP_ROT_LINKER_DATA$$ZI$$Base = ADDR (.TFM_APP_ROT_LINKER_BSS)
                0x0000000020000c40                Image$$TFM_APP_ROT_LINKER_DATA$$ZI$$Limit = (ADDR (.TFM_APP_ROT_LINKER_BSS) + SIZEOF (.TFM_APP_ROT_LINKER_BSS))
                0x0000000020000c40                Image$$TFM_APP_RW_STACK_END$$Base = .
                0x0000000020000c40                Image$$TFM_PSA_RW_STACK_START$$Base = .

.TFM_PSA_ROT_LINKER_DATA
                0x0000000020000c40        0x0 load address 0x0000000000012660
 *tfm_psa_rot_partition*:*(.data*)
 *(TFM_*_PSA-ROT_ATTR_RW)
                0x0000000020000c40                . = ALIGN (0x4)
                0x0000000020000c40                Image$$TFM_PSA_ROT_LINKER_DATA$$RW$$Base = ADDR (.TFM_PSA_ROT_LINKER_DATA)
                0x0000000020000c40                Image$$TFM_PSA_ROT_LINKER_DATA$$RW$$Limit = (ADDR (.TFM_PSA_ROT_LINKER_DATA) + SIZEOF (.TFM_PSA_ROT_LINKER_DATA))

.TFM_PSA_ROT_LINKER_BSS
                0x0000000020000c40     0x1140
                0x0000000020000c40                start_of_TFM_PSA_ROT_LINKER = .
 *tfm_psa_rot_partition*:*(.bss*)
 .bss.tfm_sp_platform_stack
                0x0000000020000c40      0x500 secure_fw/partitions/platform/libtfm_psa_rot_partition_platform.a(intermedia_tfm_platform.o)
                0x0000000020000c40                tfm_sp_platform_stack
 .bss.mbedtls_mem_buf
                0x0000000020001140        0x1 secure_fw/partitions/crypto/libtfm_psa_rot_partition_crypto.a(crypto_init.o)
 *fill*         0x0000000020001141        0x3 
 .bss.scratch   0x0000000020001144      0x408 secure_fw/partitions/crypto/libtfm_psa_rot_partition_crypto.a(crypto_init.o)
 .bss.operations
                0x000000002000154c       0x28 secure_fw/partitions/crypto/libtfm_psa_rot_partition_crypto.a(crypto_alloc.o)
 *fill*         0x0000000020001574        0x4 
 .bss.tfm_sp_crypto_stack
                0x0000000020001578      0x800 secure_fw/partitions/crypto/libtfm_psa_rot_partition_crypto.a(intermedia_tfm_crypto.o)
                0x0000000020001578                tfm_sp_crypto_stack
 *tfm_psa_rot_partition*:*(COMMON)
 *(TFM_*_PSA-ROT_ATTR_ZI)
                0x0000000020001d78                . = (. + (. - start_of_TFM_PSA_ROT_LINKER)?0x0:0x4)
                0x0000000020001d80                . = ALIGN (0x20)
 *fill*         0x0000000020001d78        0x8 
                0x0000000020000c40                Image$$TFM_PSA_ROT_LINKER_DATA$$ZI$$Base = ADDR (.TFM_PSA_ROT_LINKER_BSS)
                0x0000000020001d80                Image$$TFM_PSA_ROT_LINKER_DATA$$ZI$$Limit = (ADDR (.TFM_PSA_ROT_LINKER_BSS) + SIZEOF (.TFM_PSA_ROT_LINKER_BSS))
                0x0000000020001d80                Image$$TFM_PSA_RW_STACK_END$$Base = .

.TFM_UNPRIV_CODE
                0x0000000000012660     0x2740
 *(SFN)
 SFN            0x0000000000012660       0x88 secure_fw/CMakeFiles/tfm_s.dir/partitions/ns_agent_tz/psa_api_veneers_v80m.o
                0x0000000000012660                __acle_se_tfm_psa_framework_version_veneer
                0x0000000000012686                __acle_se_tfm_psa_version_veneer
                0x00000000000126ac                __acle_se_tfm_psa_call_veneer
 *(.text*)
 .text          0x00000000000126e8       0x88 c:/nordicsemi/toolchains/31f4403e35/opt/zephyr-sdk/arm-zephyr-eabi/bin/../lib/gcc/arm-zephyr-eabi/12.2.0/thumb/v8-m.main/nofp/crtbegin.o
 .text          0x0000000000012770       0x7c c:/nordicsemi/toolchains/31f4403e35/opt/zephyr-sdk/arm-zephyr-eabi/bin/../lib/gcc/arm-zephyr-eabi/12.2.0/../../../../arm-zephyr-eabi/lib/thumb/v8-m.main/nofp/crt0.o
                0x0000000000012770                _stack_init
                0x0000000000012778                _start
                0x0000000000012778                _mainCRTStartup
 .text.clear_caller_context
                0x00000000000127ec        0x8 secure_fw/CMakeFiles/tfm_s.dir/partitions/ns_agent_tz/psa_api_veneers_v80m.o
 .text.C_HardFault_Handler
                0x00000000000127f4        0x4 secure_fw/CMakeFiles/tfm_s.dir/__/platform/ext/common/faults.o
                0x00000000000127f4                C_HardFault_Handler
 .text.HardFault_Handler
                0x00000000000127f8        0x6 secure_fw/CMakeFiles/tfm_s.dir/__/platform/ext/common/faults.o
                0x00000000000127f8                HardFault_Handler
 .text.C_MemManage_Handler
                0x00000000000127fe        0x4 secure_fw/CMakeFiles/tfm_s.dir/__/platform/ext/common/faults.o
                0x00000000000127fe                C_MemManage_Handler
 .text.MemManage_Handler
                0x0000000000012802        0x6 secure_fw/CMakeFiles/tfm_s.dir/__/platform/ext/common/faults.o
                0x0000000000012802                MemManage_Handler
 .text.C_BusFault_Handler
                0x0000000000012808        0x4 secure_fw/CMakeFiles/tfm_s.dir/__/platform/ext/common/faults.o
                0x0000000000012808                C_BusFault_Handler
 .text.BusFault_Handler
                0x000000000001280c        0x6 secure_fw/CMakeFiles/tfm_s.dir/__/platform/ext/common/faults.o
                0x000000000001280c                BusFault_Handler
 .text.C_SecureFault_Handler
                0x0000000000012812        0x4 secure_fw/CMakeFiles/tfm_s.dir/__/platform/ext/common/faults.o
                0x0000000000012812                C_SecureFault_Handler
 .text.SecureFault_Handler
                0x0000000000012816        0x6 secure_fw/CMakeFiles/tfm_s.dir/__/platform/ext/common/faults.o
                0x0000000000012816                SecureFault_Handler
 .text.C_UsageFault_Handler
                0x000000000001281c        0x4 secure_fw/CMakeFiles/tfm_s.dir/__/platform/ext/common/faults.o
                0x000000000001281c                C_UsageFault_Handler
 .text.UsageFault_Handler
                0x0000000000012820        0x6 secure_fw/CMakeFiles/tfm_s.dir/__/platform/ext/common/faults.o
                0x0000000000012820                UsageFault_Handler
 .text.memset   0x0000000000012826       0x3e secure_fw/partitions/lib/runtime/libtfm_sprt.a(crt_memset.o)
                0x0000000000012826                memset
 .text.memcpy   0x0000000000012864       0x4a secure_fw/partitions/lib/runtime/libtfm_sprt.a(crt_memcpy.o)
                0x0000000000012864                memcpy
 *fill*         0x00000000000128ae        0x2 
 .text.runtime_init_c
                0x00000000000128b0       0x18 secure_fw/partitions/lib/runtime/libtfm_sprt.a(rt_main.o)
 .text.sprt_main
                0x00000000000128c8        0x6 secure_fw/partitions/lib/runtime/libtfm_sprt.a(rt_main.o)
                0x00000000000128c8                sprt_main
 *fill*         0x00000000000128ce        0x2 
 .text.common_sfn_thread
                0x00000000000128d0       0x84 secure_fw/partitions/lib/runtime/libtfm_sprt.a(sfn_common_thread.o)
                0x00000000000128d0                common_sfn_thread
 .text.tfm_plat_load_builtin_keys
                0x0000000000012954        0x4 platform/libplatform_crypto_keys.a(dummy_crypto_keys.o)
                0x0000000000012954                tfm_plat_load_builtin_keys
 .text.verify_header
                0x0000000000012958       0x40 secure_fw/partitions/crypto/mbedcrypto/nrf_security_src/libcrypto_service_mbedcrypto.a(memory_buffer_alloc.o)
 .text.verify_chain
                0x0000000000012998       0x3c secure_fw/partitions/crypto/mbedcrypto/nrf_security_src/libcrypto_service_mbedcrypto.a(memory_buffer_alloc.o)
 .text.buffer_alloc_calloc
                0x00000000000129d4       0xf4 secure_fw/partitions/crypto/mbedcrypto/nrf_security_src/libcrypto_service_mbedcrypto.a(memory_buffer_alloc.o)
 .text.buffer_alloc_free
                0x0000000000012ac8       0xe8 secure_fw/partitions/crypto/mbedcrypto/nrf_security_src/libcrypto_service_mbedcrypto.a(memory_buffer_alloc.o)
 .text.mbedtls_memory_buffer_alloc_init
                0x0000000000012bb0       0x64 secure_fw/partitions/crypto/mbedcrypto/nrf_security_src/libcrypto_service_mbedcrypto.a(memory_buffer_alloc.o)
                0x0000000000012bb0                mbedtls_memory_buffer_alloc_init
 .text.platform_calloc_uninit
                0x0000000000012c14        0x4 secure_fw/partitions/crypto/mbedcrypto/nrf_security_src/libcrypto_service_mbedcrypto.a(platform.o)
 .text.platform_free_uninit
                0x0000000000012c18        0x2 secure_fw/partitions/crypto/mbedcrypto/nrf_security_src/libcrypto_service_mbedcrypto.a(platform.o)
 *fill*         0x0000000000012c1a        0x2 
 .text.mbedtls_free
                0x0000000000012c1c        0xc secure_fw/partitions/crypto/mbedcrypto/nrf_security_src/libcrypto_service_mbedcrypto.a(platform.o)
                0x0000000000012c1c                mbedtls_free
 .text.mbedtls_platform_set_calloc_free
                0x0000000000012c28       0x14 secure_fw/partitions/crypto/mbedcrypto/nrf_security_src/libcrypto_service_mbedcrypto.a(platform.o)
                0x0000000000012c28                mbedtls_platform_set_calloc_free
 .text.psa_remove_key_data_from_memory
                0x0000000000012c3c       0x1c secure_fw/partitions/crypto/mbedcrypto/nrf_security_src/libcrypto_service_mbedcrypto.a(psa_crypto.o)
                0x0000000000012c3c                psa_remove_key_data_from_memory
 .text.psa_wipe_key_slot
                0x0000000000012c58       0x22 secure_fw/partitions/crypto/mbedcrypto/nrf_security_src/libcrypto_service_mbedcrypto.a(psa_crypto.o)
                0x0000000000012c58                psa_wipe_key_slot
 *fill*         0x0000000000012c7a        0x2 
 .text.mbedcrypto__psa_generate_random
                0x0000000000012c7c       0x1c secure_fw/partitions/crypto/mbedcrypto/nrf_security_src/libcrypto_service_mbedcrypto.a(psa_crypto.o)
                0x0000000000012c7c                mbedcrypto__psa_generate_random
 .text.mbedtls_psa_crypto_free
                0x0000000000012c98       0x24 secure_fw/partitions/crypto/mbedcrypto/nrf_security_src/libcrypto_service_mbedcrypto.a(psa_crypto.o)
                0x0000000000012c98                mbedtls_psa_crypto_free
 .text.mbedcrypto__psa_crypto_init
                0x0000000000012cbc       0x3c secure_fw/partitions/crypto/mbedcrypto/nrf_security_src/libcrypto_service_mbedcrypto.a(psa_crypto.o)
                0x0000000000012cbc                mbedcrypto__psa_crypto_init
 .text.psa_initialize_key_slots
                0x0000000000012cf8       0x18 secure_fw/partitions/crypto/mbedcrypto/nrf_security_src/libcrypto_service_mbedcrypto.a(psa_crypto_slot_management.o)
                0x0000000000012cf8                psa_initialize_key_slots
 .text.psa_wipe_all_key_slots
                0x0000000000012d10       0x2c secure_fw/partitions/crypto/mbedcrypto/nrf_security_src/libcrypto_service_mbedcrypto.a(psa_crypto_slot_management.o)
                0x0000000000012d10                psa_wipe_all_key_slots
 .text.psa_driver_wrapper_init
                0x0000000000012d3c        0x4 secure_fw/partitions/crypto/mbedcrypto/nrf_security_src/libcrypto_service_mbedcrypto.a(psa_crypto_driver_wrappers.o)
                0x0000000000012d3c                psa_driver_wrapper_init
 .text.psa_driver_wrapper_free
                0x0000000000012d40        0x2 secure_fw/partitions/crypto/mbedcrypto/nrf_security_src/libcrypto_service_mbedcrypto.a(psa_crypto_driver_wrappers.o)
                0x0000000000012d40                psa_driver_wrapper_free
 .text.psa_driver_wrapper_init_random
                0x0000000000012d42        0x4 secure_fw/partitions/crypto/mbedcrypto/nrf_security_src/libcrypto_service_mbedcrypto.a(psa_crypto_driver_wrappers.o)
                0x0000000000012d42                psa_driver_wrapper_init_random
 .text.psa_driver_wrapper_get_random
                0x0000000000012d46       0x22 secure_fw/partitions/crypto/mbedcrypto/nrf_security_src/libcrypto_service_mbedcrypto.a(psa_crypto_driver_wrappers.o)
                0x0000000000012d46                psa_driver_wrapper_get_random
 .text.psa_driver_wrapper_free_random
                0x0000000000012d68        0x4 secure_fw/partitions/crypto/mbedcrypto/nrf_security_src/libcrypto_service_mbedcrypto.a(psa_crypto_driver_wrappers.o)
                0x0000000000012d68                psa_driver_wrapper_free_random
 .text.nrf_cc3xx_platform_init_hmac_drbg
                0x0000000000012d6c       0x44 C:/nordicsemi/v2.4.1/nrfxlib/crypto/nrf_cc310_platform/lib/cortex-m33/soft-float/no-interrupts/libnrf_cc310_platform_0.9.17.a(nrf_cc3xx_platform.c.obj)
                0x0000000000012d6c                nrf_cc3xx_platform_init_hmac_drbg
 .text.nrf_cc3xx_platform_hmac_drbg_init
                0x0000000000012db0       0x60 C:/nordicsemi/v2.4.1/nrfxlib/crypto/nrf_cc310_platform/lib/cortex-m33/soft-float/no-interrupts/libnrf_cc310_platform_0.9.17.a(nrf_cc3xx_platform_hmac_drbg.c.obj)
                0x0000000000012db0                nrf_cc3xx_platform_hmac_drbg_init
 .text.nrf_cc3xx_platform_hmac_drbg_get
                0x0000000000012e10       0x44 C:/nordicsemi/v2.4.1/nrfxlib/crypto/nrf_cc310_platform/lib/cortex-m33/soft-float/no-interrupts/libnrf_cc310_platform_0.9.17.a(nrf_cc3xx_platform_hmac_drbg.c.obj)
                0x0000000000012e10                nrf_cc3xx_platform_hmac_drbg_get
 .text.mbedtls_zeroize_internal
                0x0000000000012e54       0x14 C:/nordicsemi/v2.4.1/nrfxlib/crypto/nrf_cc310_platform/lib/cortex-m33/soft-float/no-interrupts/libnrf_cc310_platform_0.9.17.a(mbedtls_common.c.obj)
                0x0000000000012e54                mbedtls_zeroize_internal
 .text.mbedtls_platform_zeroize
                0x0000000000012e68       0x14 C:/nordicsemi/v2.4.1/nrfxlib/crypto/nrf_cc310_platform/lib/cortex-m33/soft-float/no-interrupts/libnrf_cc310_platform_0.9.17.a(mbedtls_common.c.obj)
                0x0000000000012e68                mbedtls_platform_zeroize
 .text.cc_hmac_sha256_starts.constprop.0
                0x0000000000012e7c      0x108 C:/nordicsemi/v2.4.1/nrfxlib/crypto/nrf_cc310_platform/lib/cortex-m33/soft-float/no-interrupts/libnrf_cc310_platform_0.9.17.a(hmac_drbg_alt.c.obj)
 .text.cc_mbedtls_hmac_drbg_init
                0x0000000000012f84       0x28 C:/nordicsemi/v2.4.1/nrfxlib/crypto/nrf_cc310_platform/lib/cortex-m33/soft-float/no-interrupts/libnrf_cc310_platform_0.9.17.a(hmac_drbg_alt.c.obj)
                0x0000000000012f84                cc_mbedtls_hmac_drbg_init
 .text.cc_mbedtls_hmac_drbg_update
                0x0000000000012fac      0x170 C:/nordicsemi/v2.4.1/nrfxlib/crypto/nrf_cc310_platform/lib/cortex-m33/soft-float/no-interrupts/libnrf_cc310_platform_0.9.17.a(hmac_drbg_alt.c.obj)
                0x0000000000012fac                cc_mbedtls_hmac_drbg_update
 .text.cc_hmac_drbg_reseed_core
                0x000000000001311c       0xac C:/nordicsemi/v2.4.1/nrfxlib/crypto/nrf_cc310_platform/lib/cortex-m33/soft-float/no-interrupts/libnrf_cc310_platform_0.9.17.a(hmac_drbg_alt.c.obj)
 .text.cc_mbedtls_hmac_drbg_seed
                0x00000000000131c8       0x54 C:/nordicsemi/v2.4.1/nrfxlib/crypto/nrf_cc310_platform/lib/cortex-m33/soft-float/no-interrupts/libnrf_cc310_platform_0.9.17.a(hmac_drbg_alt.c.obj)
                0x00000000000131c8                cc_mbedtls_hmac_drbg_seed
 .text.cc_mbedtls_hmac_drbg_random_with_add
                0x000000000001321c      0x144 C:/nordicsemi/v2.4.1/nrfxlib/crypto/nrf_cc310_platform/lib/cortex-m33/soft-float/no-interrupts/libnrf_cc310_platform_0.9.17.a(hmac_drbg_alt.c.obj)
                0x000000000001321c                cc_mbedtls_hmac_drbg_random_with_add
 .text.entropy_update
                0x0000000000013360       0x7c C:/nordicsemi/v2.4.1/nrfxlib/crypto/nrf_cc310_platform/lib/cortex-m33/soft-float/no-interrupts/libnrf_cc310_platform_0.9.17.a(entropy.c.obj)
 .text.entropy_gather_internal.part.0
                0x00000000000133dc       0x88 C:/nordicsemi/v2.4.1/nrfxlib/crypto/nrf_cc310_platform/lib/cortex-m33/soft-float/no-interrupts/libnrf_cc310_platform_0.9.17.a(entropy.c.obj)
 .text.cc_mbedtls_entropy_init
                0x0000000000013464       0x84 C:/nordicsemi/v2.4.1/nrfxlib/crypto/nrf_cc310_platform/lib/cortex-m33/soft-float/no-interrupts/libnrf_cc310_platform_0.9.17.a(entropy.c.obj)
                0x0000000000013464                cc_mbedtls_entropy_init
 .text.cc_mbedtls_entropy_func
                0x00000000000134e8      0x110 C:/nordicsemi/v2.4.1/nrfxlib/crypto/nrf_cc310_platform/lib/cortex-m33/soft-float/no-interrupts/libnrf_cc310_platform_0.9.17.a(entropy.c.obj)
                0x00000000000134e8                cc_mbedtls_entropy_func
 .text.RndStartupTest.constprop.0
                0x00000000000135f8       0x98 C:/nordicsemi/v2.4.1/nrfxlib/crypto/nrf_cc310_platform/lib/cortex-m33/soft-float/no-interrupts/libnrf_cc310_platform_0.9.17.a(cc_lib.c.obj)
 .text.CC_LibInit_HMAC_DRBG
                0x0000000000013690       0xc0 C:/nordicsemi/v2.4.1/nrfxlib/crypto/nrf_cc310_platform/lib/cortex-m33/soft-float/no-interrupts/libnrf_cc310_platform_0.9.17.a(cc_lib.c.obj)
                0x0000000000013690                CC_LibInit_HMAC_DRBG
 .text.CC_HalInit
                0x0000000000013750        0x4 C:/nordicsemi/v2.4.1/nrfxlib/crypto/nrf_cc310_platform/lib/cortex-m33/soft-float/no-interrupts/libnrf_cc310_platform_0.9.17.a(cc_hal.c.obj)
                0x0000000000013750                CC_HalInit
 .text.CC_HalTerminate
                0x0000000000013754        0x4 C:/nordicsemi/v2.4.1/nrfxlib/crypto/nrf_cc310_platform/lib/cortex-m33/soft-float/no-interrupts/libnrf_cc310_platform_0.9.17.a(cc_hal.c.obj)
                0x0000000000013754                CC_HalTerminate
 .text.CC_HalClearInterruptBit
                0x0000000000013758       0x1c C:/nordicsemi/v2.4.1/nrfxlib/crypto/nrf_cc310_platform/lib/cortex-m33/soft-float/no-interrupts/libnrf_cc310_platform_0.9.17.a(cc_hal.c.obj)
                0x0000000000013758                CC_HalClearInterruptBit
 .text.CC_HalMaskInterrupt
                0x0000000000013774        0xc C:/nordicsemi/v2.4.1/nrfxlib/crypto/nrf_cc310_platform/lib/cortex-m33/soft-float/no-interrupts/libnrf_cc310_platform_0.9.17.a(cc_hal.c.obj)
                0x0000000000013774                CC_HalMaskInterrupt
 .text.CC_HalWaitInterrupt
                0x0000000000013780        0xc C:/nordicsemi/v2.4.1/nrfxlib/crypto/nrf_cc310_platform/lib/cortex-m33/soft-float/no-interrupts/libnrf_cc310_platform_0.9.17.a(cc_hal.c.obj)
                0x0000000000013780                CC_HalWaitInterrupt
 .text.CC_HalWaitInterruptRND
                0x000000000001378c        0xc C:/nordicsemi/v2.4.1/nrfxlib/crypto/nrf_cc310_platform/lib/cortex-m33/soft-float/no-interrupts/libnrf_cc310_platform_0.9.17.a(cc_hal.c.obj)
                0x000000000001378c                CC_HalWaitInterruptRND
 .text.CC_PalInit
                0x0000000000013798       0x5c C:/nordicsemi/v2.4.1/nrfxlib/crypto/nrf_cc310_platform/lib/cortex-m33/soft-float/no-interrupts/libnrf_cc310_platform_0.9.17.a(cc_pal.c.obj)
                0x0000000000013798                CC_PalInit
 .text.CC_PalTerminate
                0x00000000000137f4       0x34 C:/nordicsemi/v2.4.1/nrfxlib/crypto/nrf_cc310_platform/lib/cortex-m33/soft-float/no-interrupts/libnrf_cc310_platform_0.9.17.a(cc_pal.c.obj)
                0x00000000000137f4                CC_PalTerminate
 .text.CC_PalDmaInit
                0x0000000000013828        0x4 C:/nordicsemi/v2.4.1/nrfxlib/crypto/nrf_cc310_platform/lib/cortex-m33/soft-float/no-interrupts/libnrf_cc310_platform_0.9.17.a(cc_pal_dma.c.obj)
                0x0000000000013828                CC_PalDmaInit
 .text.CC_PalDmaTerminate
                0x000000000001382c        0x4 C:/nordicsemi/v2.4.1/nrfxlib/crypto/nrf_cc310_platform/lib/cortex-m33/soft-float/no-interrupts/libnrf_cc310_platform_0.9.17.a(cc_pal_dma.c.obj)
                0x000000000001382c                CC_PalDmaTerminate
 .text.CC_PalWaitInterruptRND
                0x0000000000013830       0x2c C:/nordicsemi/v2.4.1/nrfxlib/crypto/nrf_cc310_platform/lib/cortex-m33/soft-float/no-interrupts/libnrf_cc310_platform_0.9.17.a(cc_pal_interrupt_ctrl.c.obj)
                0x0000000000013830                CC_PalWaitInterruptRND
 .text.CC_PalWaitInterrupt
                0x000000000001385c       0x18 C:/nordicsemi/v2.4.1/nrfxlib/crypto/nrf_cc310_platform/lib/cortex-m33/soft-float/no-interrupts/libnrf_cc310_platform_0.9.17.a(cc_pal_interrupt_ctrl.c.obj)
                0x000000000001385c                CC_PalWaitInterrupt
 .text.CC_PalMemCopyPlat
                0x0000000000013874        0x4 C:/nordicsemi/v2.4.1/nrfxlib/crypto/nrf_cc310_platform/lib/cortex-m33/soft-float/no-interrupts/libnrf_cc310_platform_0.9.17.a(cc_pal_mem.c.obj)
                0x0000000000013874                CC_PalMemCopyPlat
 .text.CC_PalMemSetZeroPlat
                0x0000000000013878        0x8 C:/nordicsemi/v2.4.1/nrfxlib/crypto/nrf_cc310_platform/lib/cortex-m33/soft-float/no-interrupts/libnrf_cc310_platform_0.9.17.a(cc_pal_mem.c.obj)
                0x0000000000013878                CC_PalMemSetZeroPlat
 .text.CC_PalMutexCreate
                0x0000000000013880       0x14 C:/nordicsemi/v2.4.1/nrfxlib/crypto/nrf_cc310_platform/lib/cortex-m33/soft-float/no-interrupts/libnrf_cc310_platform_0.9.17.a(cc_pal_mutex.c.obj)
                0x0000000000013880                CC_PalMutexCreate
 .text.CC_PalMutexDestroy
                0x0000000000013894       0x14 C:/nordicsemi/v2.4.1/nrfxlib/crypto/nrf_cc310_platform/lib/cortex-m33/soft-float/no-interrupts/libnrf_cc310_platform_0.9.17.a(cc_pal_mutex.c.obj)
                0x0000000000013894                CC_PalMutexDestroy
 .text.CC_PalMutexLock
                0x00000000000138a8       0x10 C:/nordicsemi/v2.4.1/nrfxlib/crypto/nrf_cc310_platform/lib/cortex-m33/soft-float/no-interrupts/libnrf_cc310_platform_0.9.17.a(cc_pal_mutex.c.obj)
                0x00000000000138a8                CC_PalMutexLock
 .text.CC_PalMutexUnlock
                0x00000000000138b8       0x14 C:/nordicsemi/v2.4.1/nrfxlib/crypto/nrf_cc310_platform/lib/cortex-m33/soft-float/no-interrupts/libnrf_cc310_platform_0.9.17.a(cc_pal_mutex.c.obj)
                0x00000000000138b8                CC_PalMutexUnlock
 .text.CC_PalPowerSaveModeInit
                0x00000000000138cc       0x3c C:/nordicsemi/v2.4.1/nrfxlib/crypto/nrf_cc310_platform/lib/cortex-m33/soft-float/no-interrupts/libnrf_cc310_platform_0.9.17.a(cc_pal_pm.c.obj)
                0x00000000000138cc                CC_PalPowerSaveModeInit
 .text.CC_PalPowerSaveModeSelect
                0x0000000000013908       0x84 C:/nordicsemi/v2.4.1/nrfxlib/crypto/nrf_cc310_platform/lib/cortex-m33/soft-float/no-interrupts/libnrf_cc310_platform_0.9.17.a(cc_pal_pm.c.obj)
                0x0000000000013908                CC_PalPowerSaveModeSelect
 .text.mutex_init
                0x000000000001398c        0xc C:/nordicsemi/v2.4.1/nrfxlib/crypto/nrf_cc310_platform/lib/cortex-m33/soft-float/no-interrupts/libnrf_cc310_platform_0.9.17.a(threading_alt.c.obj)
                0x000000000001398c                mutex_init
 .text.mutex_lock
                0x0000000000013998        0xc C:/nordicsemi/v2.4.1/nrfxlib/crypto/nrf_cc310_platform/lib/cortex-m33/soft-float/no-interrupts/libnrf_cc310_platform_0.9.17.a(threading_alt.c.obj)
                0x0000000000013998                mutex_lock
 .text.mutex_unlock
                0x00000000000139a4        0xc C:/nordicsemi/v2.4.1/nrfxlib/crypto/nrf_cc310_platform/lib/cortex-m33/soft-float/no-interrupts/libnrf_cc310_platform_0.9.17.a(threading_alt.c.obj)
                0x00000000000139a4                mutex_unlock
 .text.nrf_cc3xx_platform_abort
                0x00000000000139b0       0x24 C:/nordicsemi/v2.4.1/nrfxlib/crypto/nrf_cc310_platform/lib/cortex-m33/soft-float/no-interrupts/libnrf_cc310_platform_0.9.17.a(nrf_cc3xx_platform_abort.c.obj)
 .text.CC_PalAbort
                0x00000000000139d4       0x34 C:/nordicsemi/v2.4.1/nrfxlib/crypto/nrf_cc310_platform/lib/cortex-m33/soft-float/no-interrupts/libnrf_cc310_platform_0.9.17.a(nrf_cc3xx_platform_abort.c.obj)
                0x00000000000139d4                CC_PalAbort
 .text.mutex_free
                0x0000000000013a08       0x34 C:/nordicsemi/v2.4.1/nrfxlib/crypto/nrf_cc310_platform/lib/cortex-m33/soft-float/no-interrupts/libnrf_cc310_platform_0.9.17.a(nrf_cc3xx_platform_mutex.c.obj)
 .text.mutex_lock
                0x0000000000013a3c       0x48 C:/nordicsemi/v2.4.1/nrfxlib/crypto/nrf_cc310_platform/lib/cortex-m33/soft-float/no-interrupts/libnrf_cc310_platform_0.9.17.a(nrf_cc3xx_platform_mutex.c.obj)
 .text.mutex_unlock
                0x0000000000013a84       0x38 C:/nordicsemi/v2.4.1/nrfxlib/crypto/nrf_cc310_platform/lib/cortex-m33/soft-float/no-interrupts/libnrf_cc310_platform_0.9.17.a(nrf_cc3xx_platform_mutex.c.obj)
 .text.mutex_init
                0x0000000000013abc       0x20 C:/nordicsemi/v2.4.1/nrfxlib/crypto/nrf_cc310_platform/lib/cortex-m33/soft-float/no-interrupts/libnrf_cc310_platform_0.9.17.a(nrf_cc3xx_platform_mutex.c.obj)
 .text.startTrngHW
                0x0000000000013adc      0x140 C:/nordicsemi/v2.4.1/nrfxlib/crypto/nrf_cc310_platform/lib/cortex-m33/soft-float/no-interrupts/libnrf_cc310_platform_0.9.17.a(llf_rnd_trng90b.c.obj)
 .text.LLF_RND_RepetitionCounterTest
                0x0000000000013c1c       0x64 C:/nordicsemi/v2.4.1/nrfxlib/crypto/nrf_cc310_platform/lib/cortex-m33/soft-float/no-interrupts/libnrf_cc310_platform_0.9.17.a(llf_rnd_trng90b.c.obj)
                0x0000000000013c1c                LLF_RND_RepetitionCounterTest
 .text.LLF_RND_AdaptiveProportionTest
                0x0000000000013c80       0x80 C:/nordicsemi/v2.4.1/nrfxlib/crypto/nrf_cc310_platform/lib/cortex-m33/soft-float/no-interrupts/libnrf_cc310_platform_0.9.17.a(llf_rnd_trng90b.c.obj)
                0x0000000000013c80                LLF_RND_AdaptiveProportionTest
 .text.getTrngSource
                0x0000000000013d00      0x2b4 C:/nordicsemi/v2.4.1/nrfxlib/crypto/nrf_cc310_platform/lib/cortex-m33/soft-float/no-interrupts/libnrf_cc310_platform_0.9.17.a(llf_rnd_trng90b.c.obj)
 .text.LLF_RND_GetTrngSource
                0x0000000000013fb4       0x18 C:/nordicsemi/v2.4.1/nrfxlib/crypto/nrf_cc310_platform/lib/cortex-m33/soft-float/no-interrupts/libnrf_cc310_platform_0.9.17.a(llf_rnd_trng90b.c.obj)
                0x0000000000013fb4                LLF_RND_GetTrngSource
 .text.LLF_RND_RunTrngStartupTest
                0x0000000000013fcc       0x1c C:/nordicsemi/v2.4.1/nrfxlib/crypto/nrf_cc310_platform/lib/cortex-m33/soft-float/no-interrupts/libnrf_cc310_platform_0.9.17.a(llf_rnd_trng90b.c.obj)
                0x0000000000013fcc                LLF_RND_RunTrngStartupTest
 .text.mbedtls_hardware_poll
                0x0000000000013fe8       0xfc C:/nordicsemi/v2.4.1/nrfxlib/crypto/nrf_cc310_platform/lib/cortex-m33/soft-float/no-interrupts/libnrf_cc310_platform_0.9.17.a(trng_api.c.obj)
                0x0000000000013fe8                mbedtls_hardware_poll
 .text.cc_mbedtls_sha256_init
                0x00000000000140e4       0x28 C:/nordicsemi/v2.4.1/nrfxlib/crypto/nrf_cc310_platform/lib/cortex-m33/soft-float/no-interrupts/libnrf_cc310_platform_0.9.17.a(sha256_alt.c.obj)
                0x00000000000140e4                cc_mbedtls_sha256_init
 .text.cc_mbedtls_sha256_free
                0x000000000001410c        0xc C:/nordicsemi/v2.4.1/nrfxlib/crypto/nrf_cc310_platform/lib/cortex-m33/soft-float/no-interrupts/libnrf_cc310_platform_0.9.17.a(sha256_alt.c.obj)
                0x000000000001410c                cc_mbedtls_sha256_free
 .text.cc_mbedtls_sha256_starts
                0x0000000000014118       0x28 C:/nordicsemi/v2.4.1/nrfxlib/crypto/nrf_cc310_platform/lib/cortex-m33/soft-float/no-interrupts/libnrf_cc310_platform_0.9.17.a(sha256_alt.c.obj)
                0x0000000000014118                cc_mbedtls_sha256_starts
 .text.cc_mbedtls_sha256_update
                0x0000000000014140       0x54 C:/nordicsemi/v2.4.1/nrfxlib/crypto/nrf_cc310_platform/lib/cortex-m33/soft-float/no-interrupts/libnrf_cc310_platform_0.9.17.a(sha256_alt.c.obj)
                0x0000000000014140                cc_mbedtls_sha256_update
 .text.cc_mbedtls_sha256_finish
                0x0000000000014194       0x48 C:/nordicsemi/v2.4.1/nrfxlib/crypto/nrf_cc310_platform/lib/cortex-m33/soft-float/no-interrupts/libnrf_cc310_platform_0.9.17.a(sha256_alt.c.obj)
                0x0000000000014194                cc_mbedtls_sha256_finish
 .text.mbedtls_sha_starts_internal
                0x00000000000141dc       0x28 C:/nordicsemi/v2.4.1/nrfxlib/crypto/nrf_cc310_platform/lib/cortex-m33/soft-float/no-interrupts/libnrf_cc310_platform_0.9.17.a(mbedtls_hash_common.c.obj)
                0x00000000000141dc                mbedtls_sha_starts_internal
 .text.mbedtls_sha_finish_internal
                0x0000000000014204       0x5c C:/nordicsemi/v2.4.1/nrfxlib/crypto/nrf_cc310_platform/lib/cortex-m33/soft-float/no-interrupts/libnrf_cc310_platform_0.9.17.a(mbedtls_hash_common.c.obj)
                0x0000000000014204                mbedtls_sha_finish_internal
 .text.mbedtls_sha_update_internal
                0x0000000000014260      0x1ec C:/nordicsemi/v2.4.1/nrfxlib/crypto/nrf_cc310_platform/lib/cortex-m33/soft-float/no-interrupts/libnrf_cc310_platform_0.9.17.a(mbedtls_hash_common.c.obj)
                0x0000000000014260                mbedtls_sha_update_internal
 .text.cc_mbedtls_sha256
                0x000000000001444c       0x50 C:/nordicsemi/v2.4.1/nrfxlib/crypto/nrf_cc310_platform/lib/cortex-m33/soft-float/no-interrupts/libnrf_cc310_platform_0.9.17.a(sha256.c.obj)
                0x000000000001444c                cc_mbedtls_sha256
 .text.RNG_PLAT_SetUserRngParameters
                0x000000000001449c       0x74 C:/nordicsemi/v2.4.1/nrfxlib/crypto/nrf_cc310_platform/lib/cortex-m33/soft-float/no-interrupts/libnrf_cc310_platform_0.9.17.a(cc_rng_plat.c.obj)
                0x000000000001449c                RNG_PLAT_SetUserRngParameters
 .text.CC_PalTrngParamGet
                0x0000000000014510      0x114 C:/nordicsemi/v2.4.1/nrfxlib/crypto/nrf_cc310_platform/lib/cortex-m33/soft-float/no-interrupts/libnrf_cc310_platform_0.9.17.a(cc_pal_trng.c.obj)
                0x0000000000014510                CC_PalTrngParamGet
 .text.LLF_RND_WaitRngInterrupt
                0x0000000000014624       0x20 C:/nordicsemi/v2.4.1/nrfxlib/crypto/nrf_cc310_platform/lib/cortex-m33/soft-float/no-interrupts/libnrf_cc310_platform_0.9.17.a(llf_rnd.c.obj)
                0x0000000000014624                LLF_RND_WaitRngInterrupt
 .text.LLF_RND_GetRoscSampleCnt
                0x0000000000014644       0x34 C:/nordicsemi/v2.4.1/nrfxlib/crypto/nrf_cc310_platform/lib/cortex-m33/soft-float/no-interrupts/libnrf_cc310_platform_0.9.17.a(llf_rnd.c.obj)
                0x0000000000014644                LLF_RND_GetRoscSampleCnt
 .text.LLF_RND_GetFastestRosc
                0x0000000000014678       0x20 C:/nordicsemi/v2.4.1/nrfxlib/crypto/nrf_cc310_platform/lib/cortex-m33/soft-float/no-interrupts/libnrf_cc310_platform_0.9.17.a(llf_rnd.c.obj)
                0x0000000000014678                LLF_RND_GetFastestRosc
 .text.LLF_RND_TurnOffTrng
                0x0000000000014698       0x18 C:/nordicsemi/v2.4.1/nrfxlib/crypto/nrf_cc310_platform/lib/cortex-m33/soft-float/no-interrupts/libnrf_cc310_platform_0.9.17.a(llf_rnd.c.obj)
                0x0000000000014698                LLF_RND_TurnOffTrng
 .text.SetDataBuffersInfo
                0x00000000000146b0       0x68 C:/nordicsemi/v2.4.1/nrfxlib/crypto/nrf_cc310_platform/lib/cortex-m33/soft-float/no-interrupts/libnrf_cc310_platform_0.9.17.a(driver_common.c.obj)
                0x00000000000146b0                SetDataBuffersInfo
 .text.InitHashDrv
                0x0000000000014718       0x50 C:/nordicsemi/v2.4.1/nrfxlib/crypto/nrf_cc310_platform/lib/cortex-m33/soft-float/no-interrupts/libnrf_cc310_platform_0.9.17.a(hash_driver.c.obj)
                0x0000000000014718                InitHashDrv
 .text.ProcessHashDrv
                0x0000000000014768      0x22c C:/nordicsemi/v2.4.1/nrfxlib/crypto/nrf_cc310_platform/lib/cortex-m33/soft-float/no-interrupts/libnrf_cc310_platform_0.9.17.a(hash_driver.c.obj)
                0x0000000000014768                ProcessHashDrv
 .text.FinishHashDrv
                0x0000000000014994       0x74 C:/nordicsemi/v2.4.1/nrfxlib/crypto/nrf_cc310_platform/lib/cortex-m33/soft-float/no-interrupts/libnrf_cc310_platform_0.9.17.a(hash_driver.c.obj)
                0x0000000000014994                FinishHashDrv
 .text.CC_PalDataBufferAttrGet
                0x0000000000014a08        0x8 C:/nordicsemi/v2.4.1/nrfxlib/crypto/nrf_cc310_platform/lib/cortex-m33/soft-float/no-interrupts/libnrf_cc310_platform_0.9.17.a(cc_pal_buff_attr.c.obj)
                0x0000000000014a08                CC_PalDataBufferAttrGet
 .text.exit     0x0000000000014a10       0x28 c:/nordicsemi/toolchains/31f4403e35/opt/zephyr-sdk/arm-zephyr-eabi/bin/../lib/gcc/arm-zephyr-eabi/12.2.0/../../../../arm-zephyr-eabi/lib/thumb/v8-m.main/nofp\libc_nano.a(lib_a-exit.o)
                0x0000000000014a10                exit
 .text.__libc_init_array
                0x0000000000014a38       0x48 c:/nordicsemi/toolchains/31f4403e35/opt/zephyr-sdk/arm-zephyr-eabi/bin/../lib/gcc/arm-zephyr-eabi/12.2.0/../../../../arm-zephyr-eabi/lib/thumb/v8-m.main/nofp\libc_nano.a(lib_a-init.o)
                0x0000000000014a38                __libc_init_array
 .text.memmove  0x0000000000014a80       0x34 c:/nordicsemi/toolchains/31f4403e35/opt/zephyr-sdk/arm-zephyr-eabi/bin/../lib/gcc/arm-zephyr-eabi/12.2.0/../../../../arm-zephyr-eabi/lib/thumb/v8-m.main/nofp\libc_nano.a(lib_a-memmove.o)
                0x0000000000014a80                memmove
 .text          0x0000000000014ab4       0xc8 c:/nordicsemi/toolchains/31f4403e35/opt/zephyr-sdk/arm-zephyr-eabi/bin/../lib/gcc/arm-zephyr-eabi/12.2.0/thumb/v8-m.main/nofp\libgcc.a(cmse.o)
                0x0000000000014ab4                cmse_check_address_range
 .text._exit    0x0000000000014b7c        0x4 c:/nordicsemi/toolchains/31f4403e35/opt/zephyr-sdk/arm-zephyr-eabi/bin/../lib/gcc/arm-zephyr-eabi/12.2.0/../../../../arm-zephyr-eabi/lib/thumb/v8-m.main/nofp\libnosys.a(_exit.o)
                0x0000000000014b7c                _exit
 *(.init)
 .init          0x0000000000014b80        0x4 c:/nordicsemi/toolchains/31f4403e35/opt/zephyr-sdk/arm-zephyr-eabi/bin/../lib/gcc/arm-zephyr-eabi/12.2.0/thumb/v8-m.main/nofp/crti.o
                0x0000000000014b80                _init
 .init          0x0000000000014b84        0x8 c:/nordicsemi/toolchains/31f4403e35/opt/zephyr-sdk/arm-zephyr-eabi/bin/../lib/gcc/arm-zephyr-eabi/12.2.0/thumb/v8-m.main/nofp/crtn.o
 *(.fini)
 .fini          0x0000000000014b8c        0x4 c:/nordicsemi/toolchains/31f4403e35/opt/zephyr-sdk/arm-zephyr-eabi/bin/../lib/gcc/arm-zephyr-eabi/12.2.0/thumb/v8-m.main/nofp/crti.o
                0x0000000000014b8c                _fini
 .fini          0x0000000000014b90        0x8 c:/nordicsemi/toolchains/31f4403e35/opt/zephyr-sdk/arm-zephyr-eabi/bin/../lib/gcc/arm-zephyr-eabi/12.2.0/thumb/v8-m.main/nofp/crtn.o
 *crtbegin.o(.ctors)
 *crtbegin?.o(.ctors)
 *(EXCLUDE_FILE(*crtend.o *crtend?.o) .ctors)
 *(SORT_BY_NAME(.ctors.*))
 *(.ctors)
 *crtbegin.o(.dtors)
 *crtbegin?.o(.dtors)
 *(EXCLUDE_FILE(*crtend.o *crtend?.o) .dtors)
 *(SORT_BY_NAME(.dtors.*))
 *(.dtors)
 *(.rodata*)
 .rodata.str1.1
                0x0000000000014b98        0xb secure_fw/CMakeFiles/tfm_s.dir/__/generated/secure_fw/partitions/crypto/auto_generated/load_info_tfm_crypto.o
 .rodata.str1.1
                0x0000000000014ba3       0x15 secure_fw/CMakeFiles/tfm_s.dir/__/generated/secure_fw/partitions/platform/auto_generated/load_info_tfm_platform.o
 .rodata.CSWTCH.10
                0x0000000000014bb8       0x1c C:/nordicsemi/v2.4.1/nrfxlib/crypto/nrf_cc310_platform/lib/cortex-m33/soft-float/no-interrupts/libnrf_cc310_platform_0.9.17.a(nrf_cc3xx_platform.c.obj)
 .rodata.RndStartupTest.constprop.0.str1.4
                0x0000000000014bd4       0x6f C:/nordicsemi/v2.4.1/nrfxlib/crypto/nrf_cc310_platform/lib/cortex-m33/soft-float/no-interrupts/libnrf_cc310_platform_0.9.17.a(cc_lib.c.obj)
 *fill*         0x0000000000014c43        0x1 
 .rodata.CC_PalPowerSaveModeInit.str1.4
                0x0000000000014c44       0x20 C:/nordicsemi/v2.4.1/nrfxlib/crypto/nrf_cc310_platform/lib/cortex-m33/soft-float/no-interrupts/libnrf_cc310_platform_0.9.17.a(cc_pal_pm.c.obj)
 .rodata.mutex_free.str1.4
                0x0000000000014c64       0x26 C:/nordicsemi/v2.4.1/nrfxlib/crypto/nrf_cc310_platform/lib/cortex-m33/soft-float/no-interrupts/libnrf_cc310_platform_0.9.17.a(nrf_cc3xx_platform_mutex.c.obj)
 *fill*         0x0000000000014c8a        0x2 
 .rodata.mutex_init.str1.4
                0x0000000000014c8c       0x23 C:/nordicsemi/v2.4.1/nrfxlib/crypto/nrf_cc310_platform/lib/cortex-m33/soft-float/no-interrupts/libnrf_cc310_platform_0.9.17.a(nrf_cc3xx_platform_mutex.c.obj)
 *fill*         0x0000000000014caf        0x1 
 .rodata.mbedtls_hardware_poll.str1.4
                0x0000000000014cb0       0x16 C:/nordicsemi/v2.4.1/nrfxlib/crypto/nrf_cc310_platform/lib/cortex-m33/soft-float/no-interrupts/libnrf_cc310_platform_0.9.17.a(trng_api.c.obj)
                                         0x6e (size before relaxing)
 *fill*         0x0000000000014cc6        0x2 
 .rodata.cc_mbedtls_sha256_init.str1.4
                0x0000000000014cc8        0xe C:/nordicsemi/v2.4.1/nrfxlib/crypto/nrf_cc310_platform/lib/cortex-m33/soft-float/no-interrupts/libnrf_cc310_platform_0.9.17.a(sha256_alt.c.obj)
 .rodata.ProcessHashDrv.str1.4
                0x0000000000014cd6       0x6f C:/nordicsemi/v2.4.1/nrfxlib/crypto/nrf_cc310_platform/lib/cortex-m33/soft-float/no-interrupts/libnrf_cc310_platform_0.9.17.a(hash_driver.c.obj)
 *fill*         0x0000000000014cd6        0x2 
 .rodata.HASH_LARVAL_SHA256
                0x0000000000014cd8       0x20 C:/nordicsemi/v2.4.1/nrfxlib/crypto/nrf_cc310_platform/lib/cortex-m33/soft-float/no-interrupts/libnrf_cc310_platform_0.9.17.a(hash_driver.c.obj)
 .rodata.HASH_LARVAL_SHA224
                0x0000000000014cf8       0x20 C:/nordicsemi/v2.4.1/nrfxlib/crypto/nrf_cc310_platform/lib/cortex-m33/soft-float/no-interrupts/libnrf_cc310_platform_0.9.17.a(hash_driver.c.obj)
 .rodata.HASH_LARVAL_SHA1
                0x0000000000014d18       0x14 C:/nordicsemi/v2.4.1/nrfxlib/crypto/nrf_cc310_platform/lib/cortex-m33/soft-float/no-interrupts/libnrf_cc310_platform_0.9.17.a(hash_driver.c.obj)
 .rodata._global_impure_ptr
                0x0000000000014d2c        0x4 c:/nordicsemi/toolchains/31f4403e35/opt/zephyr-sdk/arm-zephyr-eabi/bin/../lib/gcc/arm-zephyr-eabi/12.2.0/../../../../arm-zephyr-eabi/lib/thumb/v8-m.main/nofp\libc_nano.a(lib_a-impure.o)
                0x0000000000014d2c                _global_impure_ptr
 .rodata.__sf_fake_stderr
                0x0000000000014d30       0x20 c:/nordicsemi/toolchains/31f4403e35/opt/zephyr-sdk/arm-zephyr-eabi/bin/../lib/gcc/arm-zephyr-eabi/12.2.0/../../../../arm-zephyr-eabi/lib/thumb/v8-m.main/nofp\libc_nano.a(lib_a-findfp.o)
                0x0000000000014d30                __sf_fake_stderr
 .rodata.__sf_fake_stdout
                0x0000000000014d50       0x20 c:/nordicsemi/toolchains/31f4403e35/opt/zephyr-sdk/arm-zephyr-eabi/bin/../lib/gcc/arm-zephyr-eabi/12.2.0/../../../../arm-zephyr-eabi/lib/thumb/v8-m.main/nofp\libc_nano.a(lib_a-findfp.o)
                0x0000000000014d50                __sf_fake_stdout
 .rodata.__sf_fake_stdin
                0x0000000000014d70       0x20 c:/nordicsemi/toolchains/31f4403e35/opt/zephyr-sdk/arm-zephyr-eabi/bin/../lib/gcc/arm-zephyr-eabi/12.2.0/../../../../arm-zephyr-eabi/lib/thumb/v8-m.main/nofp\libc_nano.a(lib_a-findfp.o)
                0x0000000000014d70                __sf_fake_stdin
 *(.eh_frame*)
 .eh_frame      0x0000000000014d90        0x0 c:/nordicsemi/toolchains/31f4403e35/opt/zephyr-sdk/arm-zephyr-eabi/bin/../lib/gcc/arm-zephyr-eabi/12.2.0/thumb/v8-m.main/nofp/crtbegin.o
 .eh_frame      0x0000000000014d90        0x4 c:/nordicsemi/toolchains/31f4403e35/opt/zephyr-sdk/arm-zephyr-eabi/bin/../lib/gcc/arm-zephyr-eabi/12.2.0/thumb/v8-m.main/nofp/crtend.o
                0x0000000000014da0                . = ALIGN (0x20)
 *fill*         0x0000000000014d94        0xc 
                0x0000000000012660                Image$$TFM_UNPRIV_CODE$$RO$$Base = ADDR (.TFM_UNPRIV_CODE)
                0x0000000000014da0                Image$$TFM_UNPRIV_CODE$$RO$$Limit = (ADDR (.TFM_UNPRIV_CODE) + SIZEOF (.TFM_UNPRIV_CODE))

.glue_7         0x0000000000014da0        0x0
 .glue_7        0x0000000000014da0        0x0 linker stubs

.glue_7t        0x0000000000014da0        0x0
 .glue_7t       0x0000000000014da0        0x0 linker stubs

.vfp11_veneer   0x0000000000014da0        0x0
 .vfp11_veneer  0x0000000000014da0        0x0 linker stubs

.v4_bx          0x0000000000014da0        0x0
 .v4_bx         0x0000000000014da0        0x0 linker stubs

.iplt           0x0000000000014da0        0x0
 .iplt          0x0000000000014da0        0x0 c:/nordicsemi/toolchains/31f4403e35/opt/zephyr-sdk/arm-zephyr-eabi/bin/../lib/gcc/arm-zephyr-eabi/12.2.0/thumb/v8-m.main/nofp/crtbegin.o

.psa_interface_cross_call
                0x0000000000014da0       0x8c
 .psa_interface_cross_call
                0x0000000000014da0       0x8c secure_fw/partitions/lib/runtime/libtfm_sprt.a(psa_interface_cross.o)
                0x0000000000014da6                psa_framework_version_cross
                0x0000000000014dae                psa_version_cross
                0x0000000000014db6                tfm_psa_call_pack_cross
                0x0000000000014dbe                psa_wait_cross
                0x0000000000014dc6                psa_get_cross
                0x0000000000014dce                psa_read_cross
                0x0000000000014dd6                psa_skip_cross
                0x0000000000014dde                psa_write_cross
                0x0000000000014de6                psa_reply_cross
                0x0000000000014dee                psa_panic_cross
                0x0000000000014df6                psa_rot_lifecycle_state_cross

.rel.dyn        0x0000000000014e2c        0x0
 .rel.iplt      0x0000000000014e2c        0x0 c:/nordicsemi/toolchains/31f4403e35/opt/zephyr-sdk/arm-zephyr-eabi/bin/../lib/gcc/arm-zephyr-eabi/12.2.0/thumb/v8-m.main/nofp/crtbegin.o

.ARM.exidx      0x0000000000014e2c        0x8
 .ARM.exidx     0x0000000000014e2c        0x8 c:/nordicsemi/toolchains/31f4403e35/opt/zephyr-sdk/arm-zephyr-eabi/bin/../lib/gcc/arm-zephyr-eabi/12.2.0/../../../../arm-zephyr-eabi/lib/thumb/v8-m.main/nofp/crt0.o
                                         0x10 (size before relaxing)

.gnu.sgstubs    0x0000000000017c00       0x20
 *(.gnu.sgstubs*)
 .gnu.sgstubs.__stub
                0x0000000000017c00       0x18 linker stubs
                0x0000000000017c00                tfm_psa_framework_version_veneer
                0x0000000000017c08                tfm_psa_version_veneer
                0x0000000000017c10                tfm_psa_call_veneer

.sgstubs_end    0x0000000000018000        0x0

.TFM_DATA       0x0000000020001d80       0xf0 load address 0x0000000000017c20
 *(.data*)
 .data.dev_mpu_s
                0x0000000020001d80        0x4 secure_fw/spm/libtfm_spm.a(tfm_hal_isolation.o)
                0x0000000020001d80                dev_mpu_s
 .data.serv_pool_sa
                0x0000000020001d84        0x4 secure_fw/spm/libtfm_spm.a(static_loader.o)
 .data.part_pool_sa
                0x0000000020001d88        0x4 secure_fw/spm/libtfm_spm.a(static_loader.o)
 .data.ldinf_sa
                0x0000000020001d8c        0x4 secure_fw/spm/libtfm_spm.a(static_loader.o)
 .data.hal_mem_sp_meta_start
                0x0000000020001d90        0x4 platform/libplatform_s.a(tfm_hal_memory_symbols.o)
                0x0000000020001d90                hal_mem_sp_meta_start
 .data.mbedtls_free_func
                0x0000000020001d94        0x4 secure_fw/partitions/crypto/mbedcrypto/nrf_security_src/libcrypto_service_mbedcrypto.a(platform.o)
 .data.mbedtls_calloc_func
                0x0000000020001d98        0x4 secure_fw/partitions/crypto/mbedcrypto/nrf_security_src/libcrypto_service_mbedcrypto.a(platform.o)
 .data.pCCRndCryptoMutex
                0x0000000020001d9c        0x4 C:/nordicsemi/v2.4.1/nrfxlib/crypto/nrf_cc310_platform/lib/cortex-m33/soft-float/no-interrupts/libnrf_cc310_platform_0.9.17.a(cc_pal.c.obj)
                0x0000000020001d9c                pCCRndCryptoMutex
 .data.CCPowerMutex
                0x0000000020001da0        0x4 C:/nordicsemi/v2.4.1/nrfxlib/crypto/nrf_cc310_platform/lib/cortex-m33/soft-float/no-interrupts/libnrf_cc310_platform_0.9.17.a(cc_pal.c.obj)
                0x0000000020001da0                CCPowerMutex
 .data.CCRndCryptoMutex